Gd, Gd, Gd, Gd, Gd, Gd, Gd, Gd, Gd, Gd, Gd, Gd, Gd, Gd, Gd, Gd, Gd, Gd, Gd, Gd, Gd, Gd, Gd, Gd, Gd, Gd, Gd, Gd, Gd, Gd, Gd, Gd, Gd, Gd, Gd, Gd, Gd, Gd, Gd, Gd, Gd, Gd, Gd, Gd, Gd, Gd, Gd, Gd, Gd, Gd, Gd, Gd, Gd, Gd, Gd, Gd, Gd, Gd, Gd, Gd, Gd, Gd, Gd, Gd, Gd, Gd, Gd, Gd, Gd, Gd, Gd, Gd, Gd, Gd, Gd, Gd, Gd, Gd, Gd, Gd, Gd, Gd, Gd, Gd, Gd, Gd, Gd, Gd, Gd, Gd, Gd, Gd, Gd, Gd, Gd, Gd
Gd, Gd, Gd, Gd, Gd, Gd, Gd, Gd, Gd, Gd, Gd, Gd, Gd, Gd, Gd, Gd, Gd, Gd, Gd, Gd, Gd, Gd, Gd, Gd, Gd, Gd, Gd, Gd, Gd, Gd, Gd, Gd, Gd, Gd, Gd, Gd, Gd, Gd, Gd, Gd, Gd, Gd, Gd, Re^Vct, Re^Vct, Re^Vct, Re^Vct, Gd, Gd, Gd, Gd, Gd, Gd, Gd, Gd, Gd, Gd, Gd, Gd, Gd, Gd, Gd, Gd, Gd, Gd, Gd, Gd, Gd, Gd, Gd, Gd, Gd, Gd, Gd, Gd, Gd, Gd, Gd, Gd, Gd^Fts, Ce, Gd, Re^Vct, Re^Vct, Re^Vct, Gd, Gd, Gd, Gd, Gd^Fts, Gd, Gd, Gd, Gd, Gd, Gd
Gd, Gd, Gd, Gd, Gd, Gd, Gd, Gd, Gd, Gd, Gd, Gd, Gd, Gd, Gd, Gd, Gd, Gd, Gd, Gd, Gd, Gd, Gd, Gd, Gd, Gd, Gd, Gd, Gd, Gd, Gd, Gd, Gd, Gd, Gd, Gd, Gd, Gd, Gd, Gd, Ce, Gd, Gd, Re^Vct, Re^Vct, Re^Vct, Re^Vct, Re^Vct, Gd, Gd, Gd, Gd, Gd, Gd, Gd, Gd, Gd, Gd, Gd^Fts, Gd, Gd, Gd, Gd, Gd, Gd^Fts, Gd, Gd, Gd, Gd, Gd, Gd, Gd, Gd, Gd, Gd, Gd, Gd^Fts, Gd, Ce, Ce, 1 Kh, Ce, Ce, Re^Vct, Re^Vct, Re^Vct, Re^Vct, Gd, Gd, Gd, Gd, Gd, Gd, Gd, Gd, Gd
Gd, Gd, Gd, Gd, Gd, Gd, Gd, Gd, Gd, Gd, Gd, Gd, Gd, Gd, Gd, Gd, Gd, Gd, Gd, Gd, Gd, Gd, Gd, Gd, Gd, Gd, Gd, Gd, Gd, Gd, Gd, Gd, Gd, Gd, Gd, Gd, Gd, Gd, Ce, Ce, Ch, Ce, Ce, Re^Vct, Re^Vct, Re^Vct, Re^Vct, Re^Vct, Hhd, Hhd, Hhd, Hhd, Hhd, Gd, Gd, Gd, Gd, Gd, Gd, Gd, Gd, Gd, Gd, Gd, Gd, Gd, Gd, Gd, Gd, Gd, Gd^Fts, Gd, Gd, Gd^Fts, Gd, Gd, Gd, Gd, Gd, Ce, Ce, Ch, Ch, Ce, Ce, Re^Vct, Re^Vct, Re^Vct, Gd, Gd, Gd, Gd, Gd, Gd, Gd, Gd
Gd, Gd, Gd, Gd, Gd, Gd, Gd, Gd, Gd, Gd, Gd, Gd, Gd, Gd, Gd, Gd, Gd, Gd, Gd, Gd, Gd, Gd, Gd, Gd, Gd, Gd, Gd, Gd, Gd, Gd, Gd, Gd, Gd, Gd, Gd, Gd, Ce, Ce, Ch, Ch, Ce, 2 Kh, Dd^Do, Gd, Gd, Re^Vct, Hhd, Hhd, Hhd, Hhd, Hhd, Hhd, Hhd, Hhd, Hhd, Gd, Gd, Gd, Gd, Gd, Gd, Gd, Gd, Gd, Gd, Gd, Gd, Gd, Gd, Gd, Gd, Gd, Gd, Gd, Gd, Gd, Gd, Gd, Gd, Gd^Fts, Dd^Do, Ce, Ce, Ch, Ch, Ce, Ce, Gd, Gd, Gd, Gd, Gd, Gd, Gd, Gd, Gd
Gd, Gd, Gd, Gd, Gd, Gd, Gd, Gd, Gd, Gd, Gd, Gd, Gd, Gd, Gd, Gd, Gd, Gd, Gd, Gd, Gd, Gd, Gd, Gd, Gd, Gd, Gd, Gd, Gd, Gd, Gd, Gd, Gd, Gd, Gd, Gd, Gd, Ce, Ce, Ce, Gd, Gd, Dd^Do, Gd, Hhd, Hhd, Hhd, Hhd, Hhd, Hhd, Hhd, Hhd, Hhd, Hhd, Hhd, Hhd, Gd, Gd, Gd^Fts, Gd, Gd, Gd, Gd, Gd, Gd, Gd^Fts, Gd, Gd, Gd, Gd, Gd, Gd, Gd, Gd, Gd, Gd, Gd, Gd, Gd, Gd, Gd, Gd, Hhd, Ce, Ce, Ce, Hhd, Hhd, Hhd, Hhd, Hhd, Hhd, Hhd, Gd, Gd, Gd
Gd, Gd, Gd, Gd, Gd, Gd, Gd, Gd, Gd, Gd, Gd, Gd, Gd, Gd, Gd, Gd, Gd, Gd, Gd, Gd, Gd, Gd, Gd, Gd, Gd, Gd, Gd, Gd, Gd, Gd, Gd, Gd, Gd, Gd, Gd, Gd, Gd, Gd, Gd, Gd, Gd, Gd, Gd, Gd, Hhd, Hhd, Hhd, Hhd, Gd, Gd, Gd, Gd, Gd, Hhd, Hhd, Hhd, Gd, Gd, Gd, Gd, Gd, Gd, Gd^Fts, Gd, Gd, Gd, Gd, Gd, Gd, Gd, Gd, Gd, Gd, Gd, Gd, Gd, Gd, Gd, Hhd, Hhd, Hhd, Hhd, Hhd, Hhd, Hhd, Hhd, Hhd, Hhd, Hhd, Hhd, Hhd, Hhd, Hhd, Hhd, Gd, Gd
Gd, Gd, Gd, Gd, Gd, Gd, Gd, Gd, Gd, Gd, Gd, Gd, Gd, Gd, Gd, Gd, Gd, Gd, Gd, Gd, Gd, Gd, Gd, Gd, Gd, Gd, Gd, Gd, Gd, Gd, Gd, Gd, Gd, Gd, Gd, Gd, Gd, Gd, Gd, Gd, Gd, Gd, Gd, Gd, Hhd, Hhd, Hhd, Gd, Gd, Gd, Gd, Gd, Gd, Hhd, Hhd, Hhd, Hhd, Gd, Gd, Gd, Gd, Gd, Gd, Gd, Gd, Gd, Gd, Gd, Gd, Gd, Gd, Gd, Gd, Gd, Hhd, Hhd, Hhd, Hhd, Hhd, Hhd, Hhd, Hhd, Hhd, Hhd, Hhd, Hhd, Hhd, Hhd, Hhd, Hhd, Hhd, Hhd, Hhd, Hhd, Gd, Gd
Gd, Gd, Gd, Gd, Gd, Gd, Gd, Gd, Gd, Gd, Gd, Gd, Gd, Gd, Gd, Gd, Gd, Gd, Gd, Gd, Gd, Gd, Gd, Gd, Gd, Gd, Gd, Gd, Gd, Gd, Gd, Gd, Gd, Gd, Gd, Gd, Gd, Gd, Gd, Gd, Gd, Gd, Gd, Gd, Hhd, Hhd, Hhd, Gd, Gd, Gd, Gd, Gd, Gd, Hhd, Hhd, Hhd, Hhd, Gd, Gd, Gd, Gd, Gd, Gd, Gd, Gd^Fts, Gd, Gd, Gd, Gd, Gd, Hhd, Hhd, Hhd, Hhd, Hhd, Hhd, Hhd, Hhd, Hhd, Hhd, Hhd, Hhd, Gd, Gd, Gd, Gd, Gd, Gd, Gd, Gd, Gd, Gd, Gd, Gd, Gd, Gd
Gd, Gd, Gd, Gd, Gd, Gd, Gd, Gd, Gd, Gd, Gd, Gd, Gd, Gd, Gd, Gd, Gd, Gd, Gd, Gd, Gd, Gd, Gd, Gd, Gd, Gd, Gd, Gd, Gd, Gd, Gd, Gd, Gd, Gd, Gd, Gd, Gd, Gd, Gd, Gd, Gd, Gd, Gd, Gd, Hhd, Hhd, Hhd, Gd, Gd, Gd, Gd, Gd, Gd, Gd, Hhd, Hhd, Hhd, Gd, Gd, Gd, Gd^Fts, Gd, Gd, Gd, Gd, Gd, Hhd, Gd, Hhd, Hhd, Hhd, Hhd, Hhd, Hhd, Hhd, Hhd, Hhd, Hhd, Gd, Gd, Gd, Gd, Gd, Gd, Gd^Fts, Gd, Gd, Gd, Gd, Gd, Gd, Gd, Gd, Gd, Gd, Gd
Gd, Gd, Gd, Gd, Gd, Gd, Gd, Gd, Gd, Gd, Gd, Gd, Gd, Gd, Gd, Gd, Gd, Gd, Gd, Gd, Gd, Gd, Gd, Gd, Gd, Gd, Gd, Gd, Gd, Gd, Gd, Gd, Gd, Gd, Gd, Gd, Gd, Gd, Gd, Gd, Gd, Gd, Gd, Gd, Hhd, Hhd, Hhd, Hhd, Gd, Gd^Fts, Gd, Gd, Gd, Gd, Hhd, Hhd, Hhd, Gd, Gd, Gd, Gd, Gd, Gd, Gd, Hhd, Hhd, Hhd, Hhd, Hhd, Hhd, Hhd, Hhd, Hhd, Hhd, Gd, Gd, Gd^Fts, Gd, Gd, Gd, Gd, Gd, Gd, Gd, Gd, Gd, Gd, Gd, Gd, Gd, Gd^Fts, Gd, Gd, Gd, Gd, Gd
Gd, Gd, Gd, Gd, Gd, Gd, Gd, Gd, Gd, Gd, Gd, Gd, Gd, Gd, Gd, Gd, Gd, Gd, Gd, Gd, Gd, Gd, Gd, Gd, Gd, Gd, Gd, Gd, Gd, Gd, Gd, Gd, Gd, Gd, Gd, Gd, Gd, Gd, Gd, Gd, Gd, Gd, Gd, Gd, Hhd, Hhd, Hhd, Hhd, Gd, Gd, Gd, Gd, Gd, Gd, Hhd, Hhd, Hhd, Gd, Gd, Gd, Gd, Gd, Gd, Gd, Hhd, Hhd, Hhd, Hhd, Hhd, Hhd, Gd, Hhd, Gd, Gd, Gd, Gd^Fts, Gd^Fts, Gd, Gd, Gd, Gd, Gd, Gd, Gd, Gd, Gd, Gd, Gd, Gd, Gd, Gd, Gd, Gd, Gd, Gd, Gd
Gd, Gd, Gd, Gd, Gd, Gd, Gd, Gd, Gd, Gd, Gd, Gd, Gd, Gd, Gd, Gd, Gd, Gd, Gd, Gd, Gd, Gd, Gd, Gd, Gd, Gd, Gd, Gd, Gd, Gd, Gd, Gd, Gd, Gd, Gd, Gd, Gd, Gd, Gd, Gd, Gd, Gd, Gd, Gd, Hhd, Hhd, Hhd, Hhd, Gd, Gd, Gd, Gd, Gd, Gd, Hhd, Hhd, Hhd, Hhd, Gd, Gd, Gd, Gd, Gd, Gd, Gd, Hhd, Hhd, Hhd, Gd, Gd, Gd, Gd, Gd, Gd, Gd^Fts, Gd^Fts, Gd^Fts, Gd^Fts, Gd, Gd, Gs^Vht, Gd, Gd^Fts, Gd, Gd, Gd, Gd, Gd, Gd, Gd, Gd, Gd, Gd, Gd, Gd, Gd
Gd, Gd, Gd, Gd, Gd, Gd, Gd, Gd, Gd, Gd, Gd, Gd, Gd, Gd, Gd, Gd, Gd, Gd, Gd, Gd, Gd, Gd, Gd, Gd, Gd, Gd, Gd, Gd, Gd, Gd, Gd, Gd, Gd, Gd, Gd, Gd, Gd, Gd, Gd, Gd, Gd, Gd, Gd^Fts, Gd, Gd, Hhd, Hhd, Hhd, Gd, Gd, Gd, Gd, Gd, Gd, Hhd, Hhd, Hhd, Hhd, Gd, Gd, Gd, Gd, Gd, Gd, Gd, Gd, Gd, Gd, Gd, Gd, Gd, Gd, Gd, Gd, Gd^Fts, Gd^Fts, Gd^Fts, Gd^Fts, Gd, Gd, Gd, Gd, Gd, Gd, Gd, Gd, Gd, Gd^Fts, Gd, Gd, Gd, Gd, Gd, Gd, Gd, Gd
Gd, Gd, Gd, Gd, Gd, Gd, Gd, Gd, Gd, Gd, Gd, Gd, Gd, Gd, Gd, Gd, Gd, Gd, Gd, Gd, Gd, Gd, Gd, Gd, Gd, Gd, Gd, Gd, Gd, Gd, Gd, Gd, Gd, Gd, Gd, Gd, Gd, Gd, Gd, Gd, Gd, Gd, Gd^Fts, Gd^Fts, Gd^Fts, Hhd, Hhd, Hhd, Hhd, Gd, Gd, Gd, Gd, Gd, Hhd, Hhd, Hhd, Hhd, Gd, Gd, Gd, Gd, Gd^Fts, Gd^Fts, Gd, Gd, Gd, Gd, Gd, Gd, Gd, Gd, Gd, Gd^Fts, Gd, Gd, Gd, Gd, Gd^Fts, Gd, Gd, Gd, Gd, Gd, Gd, Gd, Gd, Gd, Gd, Gd, Gd, Gd, Gd, Gd, Gd, Gd
Gd, Gd, Gd, Gd, Gd, Gd, Gd, Gd, Gd, Gd, Gd, Gd, Gd, Gd, Gd, Gd, Gd, Gd, Gd, Gd, Gd, Gd, Gd, Gd, Gd, Gd, Gd, Gd, Gd, Gd, Gd, Gd, Gd, Gd, Gd, Gd, Gd, Gd, Gd, Gd, Gd, Gd, Gd^Fts, Gd^Fts, Gd^Fts, Hhd, Hhd, Hhd, Hhd, Gd, Gd, Gd, Gd^Fts, Gd, Gd, Hhd, Hhd, Hhd, Gd, Gd, Gd^Fts, Gd, Gd^Fts, Gd^Fts, Gd, Gd, Gd, Gd, Gd, Gd, Gd, Gd, Gd^Fts, Gd, Gd^Fts, Gd^Fts, Gd, Gd, Gd, Gd, Gd, Gd, Gd, Gd, Gd, Gd, Hhd, Gd, Hhd, Hhd, Hhd, Gd, Gd, Gd, Gd, Gd
Gd, Gd, Gd, Gd, Gd, Gd, Gd, Gd, Gd, Gd, Gd, Gd, Gd, Gd, Gd, Gd, Gd, Gd, Gd, Gd, Gd, Gd, Gd, Gd, Gd, Gd, Gd, Gd, Gd, Gd, Gd, Gd, Gd, Gd, Gd, Gd, Gd, Gd, Gd, Gd, Gd, Gd, Gd^Fts, Gd^Fts, Gd^Fts, Gd^Fts, Hhd, Hhd, Hhd, Gd, Gd, Gd, Gd, Gd, Gd, Hhd, Hhd, Hhd, Gd^Fts, Gd, Gd, Gd, Gd, Gd, Gd, Gd, Gs^Vht, Dd^Do, Gd, Gd, Gd, Gd, Gd, Gd^Fts, Gd^Fts, Gd^Fts, Gd, Gd, Gd, Gd, Hhd, Gd, Hhd, Hhd, Hhd, Hhd, Hhd, Hhd, Hhd, Hhd, Hhd, Hhd, Gd, Gd, Gd, Gd
Gd, Gd, Gd, Gd, Gd, Gd, Gd, Gd, Gd, Gd, Gd, Gd, Gd, Gd, Gd, Gd, Gd, Gd, Gd, Gd, Gd, Gd, Gd, Gd, Gd, Gd, Gd, Gd, Gd, Gd, Gd, Gd, Gd, Gd, Gd, Gd, Gd, Gd, Gd, Gd, Gd, Gd, Gd, Gd, Gd, Gd, Hhd, Hhd, Hhd, Gd, Gd, Gd, Gd, Gd, Gd, Hhd, Hhd, Hhd, Gd^Fts, Gd, Gd^Fts, Gd^Fts, Gd^Fts, Gd, Gd, Gd, Gd, Gd, Gd, Gd, Gd, Gd, Gd, Gd^Fts, Gd, Gd^Fts, Hhd, Gd, Hhd, Hhd, Hhd, Hhd, Hhd, Hhd, Hhd, Hhd, Hhd, Hhd, Hhd, Hhd, Hhd, Hhd, Gd, Gd, Gd, Gd
Gd, Gd, Gd, Gd, Gd, Gd, Gd, Gd, Gd, Gd, Gd, Gd, Gd, Gd, Gd, Gd, Gd, Gd, Gd, Gd, Gd, Gd, Gd, Gd, Gd, Gd, Gd, Gd, Gd, Gd, Gd, Gd, Gd, Gd, Gd, Gd, Gd, Gd, Gd, Gd, Gd, Gd, Gd, Gd, Gd, Gd, Hhd, Hhd, Hhd, Gd, Gd, Gd, Gd, Gd, Gd, Hhd, Hhd, Hhd, Hhd, Gd, Gd, Gd, Gd, Gd, Gd, Gd, Gd, Gd, Gd, Gd, Gd, Gd, Gd, Gd, Hhd, Hhd, Hhd, Hhd, Hhd, Hhd, Hhd, Hhd, Hhd, Hhd, Hhd, Hhd, Gd, Hhd, Gd, Hhd, Gd, Gd, Gd, Gd, Gd, Gd
Gd, Gd, Gd, Gd, Gd, Gd, Gd, Gd, Gd, Gd, Gd, Gd, Gd, Gd, Gd, Gd, Gd, Gd, Gd, Gd, Gd, Gd, Gd, Gd, Gd, Gd, Gd, Gd, Gd, Gd, Gd, Gd, Gd, Gd, Gd, Gd, Gd, Gd, Gd, Gd, Gd, Gd, Gd, Gd, Gd, Gd, Hhd, Hhd, Hhd, Gd, Gd, Gd, Gd, Gd, Gd, Hhd, Hhd, Hhd, Hhd, Gd, Gd, Gd, Gd, Gd, Gd, Gd, Gd, Gd, Gd, Gd, Hhd, Hhd, Hhd, Hhd, Hhd, Hhd, Hhd, Hhd, Hhd, Hhd, Gd, Hhd, Gd, Gd, Gd, Gd, Gd, Gd, Gd, Gd, Gd, Gd, Gd, Gd, Gd, Gd
Gd, Gd, Gd, Gd, Gd, Gd, Gd, Gd, Gd, Gd, Gd, Gd, Gd, Gd, Gd, Gd, Gd, Gd, Gd, Gd, Gd, Gd, Gd, Gd, Gd, Gd, Gd, Gd, Gd, Gd, Gd, Gd, Gd, Gd, Gd, Gd, Gd, Gd, Gd, Gd, Gd, Gd, Gd, Gd, Gd, Gd, Hhd, Hhd, Hhd, Gd, Gd, Gd, Gd, Gd, Gd, Gd, Hhd, Hhd, Hhd, Gd, Gd, Gd, Gd, Gd, Gd, Gd, Gd, Gd, Gd, Hhd, Hhd, Hhd, Hhd, Hhd, Hhd, Hhd, Gd, Hhd, Gd, Gd, Gd, Gd, Gd, Gd, Gd, Gd, Gd, Gd, Gd, Gd, Gd, Gd, Gd, Gd, Gd, Gd
Gd, Gd, Gd, Gd, Gd, Gd, Gd, Gd, Gd, Gd^Fts, Gd, Gd, Gd, Gd, Gd, Gd, Gd, Gd, Gd, Gd, Gd, Gd, Gd, Gd, Gd, Gd, Gd, Gd, Gd, Gd, Gd, Gd, Gd, Gd, Gd, Gd, Gd, Gd, Gd, Gd, Gd, Gd, Gd, Gd, Gd, Hhd, Gd, Gd, Gd, Gd, Gd, Gd, Gd, Gd, Gd, Gd, Hhd, Hhd, Hhd, Hhd, Hhd, Gd, Gd, Gd, Gd, Gd, Gd, Gd, Hhd, Hhd, Hhd, Hhd, Hhd, Hhd, Gd, Gd, Gd, Gd, Gd, Gd, Gd, Gd, Gd, Gd, Gd, Gd, Gd, Gd, Gd, Gd, Gd, Gd, Gd, Gd, Gd, Gd
Gd, Gd, Gd, Gd, Gd, Gd, Gd, Gd, Gd, Gd, Gd, Gd, Gd, Gd, Gd, Gd, Gd, Gd, Gd, Gd, Gd, Gd, Gd, Gd, Gd, Gd, Gd, Gd, Gd, Gd, Gd, Gd, Gd, Gd, Gd, Gd, Gd, Gd, Gd, Gd, Gd, Gd, Gd, Gd, Gd, Gd, Gd, Gd, Gd, Gd, Gd, Gd^Fts, Gd, Gd, Gd, Gd, Gd, Hhd, Hhd, Hhd, Hhd, Gd, Gd, Gd, Gd, Gd, Gd, Hhd, Hhd, Hhd, Hhd, Hhd, Gd, Gd, Gd, Gd, Gd, Gd, Gd, Gd, Gd, Gd, Gd, Gd, Gd, Gd, Gd, Gd, Gd, Gd, Gd, Gd, Gd, Gd, Gd, Gd
Gd, Gd, Gd, Gd, Gd, Gd^Fts, Gd, Gd, Gd, Gd, Gd, Gd, Gd, Gd, Gd, Gd, Gd, Gd, Gd, Gd, Gd, Gd, Gd, Gd, Gd, Gd, Gd, Gd, Gd, Gd, Gd, Gd, Gd, Gd, Gd, Gd, Gd, Gd, Gd, Gd, Gd, Gd, Gd, Gd, Gd, Gd, Gd, Gd, Gd, Gd, Gd, Gd, Gd, Gd, Gd, Gd, Gd, Hhd, Hhd, Hhd, Hhd, Gd, Gd, Gd, Gd, Gd, Gd, Hhd, Hhd, Hhd, Gd, Gd, Gd, Gd, Gd, Gd, Gd, Gd, Gd, Gd, Gd, Gd, Gd, Gd, Gd, Gd, Gd, Gd, Gd, Gd, Gd, Gd, Gd, Gd, Gd, Gd
Gd, Gd, Gd, Gd, Gd, Gd, Gd, Gd, Gd^Fts, Gd, Gd, Gd, Gd, Gd, Gd, Gd, Gd, Gd, Gd, Gd, Gd, Gd, Gd, Gd, Gd, Gd, Gd, Gd, Gd, Gd, Gd, Gd, Gd, Gd, Gd, Gd, Gd, Gd, Gd, Gd, Gd, Gd, Gd, Gd, Gd, Gd, Gd, Gd, Gd, Gd, Gd, Gd, Gd, Gd, Gd, Gd, Gd, Gd, Gd, Hhd, Gd, Gd, Gd, Gd, Gd, Gd^Fts, Gd, Gd, Gd, Gd, Gd, Gd, Gd, Gd, Gd, Gd, Gd, Gd, Gd, Gd, Gd, Gd, Gd, Gd, Gd, Gd, Gd, Gd, Gd, Gd, Gd, Gd, Gd, Gd, Gd, Gd
Gd, Gd, Gd, Gd, Gd^Fts, Gd, Gd, Gd, Gd, Gd, Gd, Gd, Gd, Gd, Gd, Gd, Gd, Gd, Gd, Gd, Gd, Gd, Gd, Gd, Gd, Gd, Gd, Gd, Gd, Gd, Gd, Gd, Gd, Gd, Gd, Gd, Gd, Gd, Gd, Gd, Gd, Gd, Gd, Gd, Gd, Gd^Fts, Gd, Gd, Gd, Gd, Gd, Gd, Gd, Gd, Gd, Gd, Gd, Gd^Fts, Gd, Gd, Gd, Gd, Gd, Gd, Gd, Gd, Gd, Gd, Gd, Gd, Gd, Gd, Gd, Gd, Gs^Vht, Gd, Gd, Gd, Gd, Gd, Gd, Gd, Gd, Gd, Gd, Gd, Gd, Gd, Gd, Gd, Gd, Gd, Gd, Gd, Gd, Gd
Gd, Gd, Gd, Gd, Gd, Gd, Gd, Gd, Gd, Gd, Gd, Gd, Gd, Gd, Gd, Gd, Gd, Gd, Gd, Gd, Gd, Gd, Gd, Gd, Gd, Gd, Gd, Gd, Gd, Gd, Gd, Gd, Gd, Gd, Gd, Gd, Gd, Gd, Gd, Gd, Gd, Gd, Gd, Gd, Gd, Gd, Gd, Gd, Gd, Gd, Gd, Gd, Gd, Gd, Gd, Gd, Gd, Gd, Gd, Gd, Gd, Gd, Gd, Gd, Gd, Gd, Gd, Gd, Gd, Gd, Gd, Gd, Gd, Gd, Gd, Gd, Gd, Gd, Gd, Gd, Gd, Gd, Gd, Gd, Gd, Gd, Gd, Gd, Gd, Gd, Gd, Gd, Gd, Gd, Gd, Gd
Gd, Gd, Gd, Gd, Gd^Fts, Gd, Gd, Gd, Gd, Gd, Gd, Gd, Gd, Gd, Gd, Gd, Gd, Gd, Gd, Gd, Gd, Gd, Gd, Gd, Gd, Gd, Gd, Gd, Gd, Gd, Gd, Gd, Gd, Gd, Gd, Gd, Gd, Gd, Gd, Gd, Gd, Gd, Gd, Gd, Gd, Gd, Gd, Gd, Gd, Gd, Gd, Gd, Gd, Gd, Gd, Gd, Gd, Gd, Gd, Gd^Fts, Gd, Gd, Gd, Gd, Gd, Gd, Gd, Gd, Gd, Gd, Gd, Gd, Gd^Fts, Gd^Fts, Gd, Gd, Gd, Gd, Gd, Gd, Gd^Fts, Gd, Gd, Gd, Gd, Gd, Gd, Gd, Gd, Gd, Gd, Gd, Gd, Gd, Gd, Gd
Gd, Gd, Gd, Gd, Gd, Gd, Gd, Gd, Gd, Gd, Gd, Gd, Gd, Gd, Gd, Gd, Gd, Gd, Gd, Gd, Gd, Gd, Gd, Gd, Gd, Gd, Gd, Gd, Gd, Gd, Gd, Gd, Gd, Gd, Gd, Gd, Gd, Gd, Gd, Gd, Gd, Gd, Gd, Gd, Gd, Gd, Gd, Gd, Gd, Gd, Gd, Gd, Gd, Gd, Gd, Gd, Gd, Gd, Gd, Gd, Gd, Gd, Gd, Gd, Gd^Fts, Gd, Gd, Gd, Gd, Gd, Gd, Gd, Gd, Gd, Gd, Gd, Gd, Gd, Gd, Gd, Gd, Gd, Gd, Gd, Gd, Gd, Gd, Gd, Gd, Gd, Gd, Gd, Gd, Gd, Gd, Gd
Gd, Gd, Gd, Gd, Gd, Gd, Gd, Gd, Gd, Gd, Gd, Gd, Gd, Gd, Gd, Gd, Gd, Gd, Gd, Gd, Gd, Gd, Gd, Gd, Gd, Gd, Gd, Gd, Gd, Gd, Gd, Gd, Gd, Gd, Gd, Gd, Gd, Gd, Gd, Gd, Gd, Gd, Gd, Gd, Gd, Gd, Gd, Gd, Gd, Gd, Gd, Gd, Gd, Gd, Gd, Gd, Gd, Gd, Gd, Gd, Gd, Gd, Gd, Gd, Gd, Gd, Gd, Gd, Gd, Gd, Gd, Gd, Gd, Gd, Gd, Gd, Gd, Gd, Gd, Gd, Gd, Gd, Gd, Gd, Gd, Gd, Gd, Gd, Gd, Gd, Gd, Gd, Gd, Gd, Gd, Gd
Gd, Gd, Gd, Gd, Gd, Gd^Fts, Gd, Gd, Gd, Gd, Gd, Gd, Gd, Gd, Gd, Gd, Gd, Gd, Gd, Gd, Gd, Gd, Gd, Gd, Gd, Gd, Gd, Gd, Gd, Gd, Gd, Gd, Gd, Gd, Gd, Gd, Gd, Gd, Gd, Gd, Gd, Gd, Gd, Gd, Gd, Gd, Gd, Gd, Gd, Gd, Gd, Gd, Gd, Gd, Gd, Gd, Gd, Gd, Gd, Gd, Gd, Gd, Gd, Gd, Gd, Gd, Gd, Gd, Gd, Gd, Gd, Gd, Gd, Gd, Gd, Gd, Gd, Gd, Gd, Gd, Gd, Gd, Gd, Gd, Gd^Fts, Gd, Gd, Gd, Gd, Gd, Gd, Gd, Gd, Gd, Gd, Gd
Gd, Gd, Gd, Gd^Fts, Gd, Gd, Gd, Gd, Gd, Gd, Hhd, Gd, Gd, Gd, Gd, Gd, Gd, Gd, Gd, Gd, Gd, Gd, Gd, Gd, Gd, Gd, Gd, Gd, Gd, Gd, Gd, Gd, Gd, Gd, Gd, Gd, Gd, Gd, Gd, Gd, Gd, Gd, Gd, Gd, Gd, Gd, Gd, Gd, Gd, Gd, Gd, Gd, Gd, Gd, Gd, Gd, Gd, Gd, Gd, Gd, Gd, Gd, Gd, Gd, Gd, Gd, Gd, Gd, Gd, Gd, Gd, Gd, Gd, Gd, Gd, Gd, Gd, Gd, Gd, Gd, Gd, Gd, Gd, Gd, Gd, Gd, Gd, Gd, Gd, Gd, Gd, Gd, Gd, Gd, Gd, Gd
Gd, Gd, Gd, Gd, Gd, Gd, Gd, Gd, Gd, Hhd, Hhd, Hhd, Hhd, Gd, Gd, Gd, Gd, Gd, Gd, Gd, Gd, Gd, Gd, Gd, Gd, Gd, Gd, Gd, Gd, Gd, Gd, Gd, Gd, Gd, Gd, Gd, Gd, Gd, Gd, Gd, Gd, Gd, Gd, Gd, Gd, Gd, Gd, Gd, Gd, Gd, Gd, Gd, Gd, Gd, Gd, Gd, Gd, Gd, Gd, Gd, Gd, Gd, Gd, Gd, Gd, Gd, Gd, Gd, Gd^Fts, Gd, Gd, Gd, Gd, Gd, Gd, Gd, Gd, Gd, Gd, Gd, Gd, Gd, Gd, Gd, Gd, Gd, Gd, Gd, Gd, Gd, Gd, Gd, Gd, Gd, Gd, Gd
Gd, Gd, Gd, Gd, Gd, Gd, Gd, Gd, Gd, Hhd, Hhd, Hhd, Hhd, Gd, Gd, Gd, Gd, Gd, Gd, Gd, Gd, Gd, Gd, Gd, Gd, Gd, Gd, Gd, Gd, Gd, Gd, Gd, Gd, Gd, Gd, Gd, Gd, Gd, Gd, Gd, Gd, Gd, Gd, Gd, Gd, Gd, Gd, Gd, Gd, Gd, Gd, Gd, Gd, Gd, Gd, Gd, Gd, Gd, Gd, Gd, Gd, Gd, Gd, Gd, Gd, Gd, Gd, Gd, Gd, Gd^Fts, Gd, Gd, Gd, Gd, Gd, Gd^Fts, Gd, Gd, Gd, Gd, Gd, Gd, Gd, Gd, Gd, Gd^Fts, Gd, Gd, Gd, Gd, Gd, Gd, Gd, Gd, Gd, Gd
Gd, Gd, Gd, Gd, Gd, Gd, Gd, Gd, Gd, Hhd, Hhd, Hhd, Hhd, Gd, Gd, Gd, Gd, Gd, Gd, Gd, Gd, Gd, Gd, Gd, Gd, Gd, Gd, Gd, Gd, Gd, Gd, Gd, Gd, Gd, Gd, Gd, Gd, Gd, Gd, Gd, Gd, Gd, Gd, Gd, Gd, Gd, Gd, Gd, Gd, Gd, Gd, Gd, Gd, Gd, Gd, Gd, Gd, Gd, Gd, Gd, Gd, Gd, Gd, Gd, Gd, Gd, Gd, Gd, Gd, Gd, Gd, Gd, Gd, Gd, Gd, Gd, Gd, Gd, Gd, Gd, Hhd, Gd, Hhd, Gd, Hhd, Gd^Fts, Hhd, Gd, Hhd, Gd, Hhd, Gd, Hhd, Gd, Hhd, Gd
Gd, Gd, Gd, Gd, Gd, Gd, Gd, Gd, Gd, Gd, Hhd, Hhd, Hhd, Hhd, Gd, Gd, Gd, Gd, Gd, Gd, Gd, Gd, Gd, Gd, Gd^Fts, Gd, Gd, Gd, Gd, Gd, Gd, Gd, Gd, Gd, Gd, Gd, Gd, Gd, Gd, Gd, Gd, Gd, Gd, Gd, Gd, Gd, Gd, Gd, Gd, Gd, Gd, Gd, Gd, Gd, Gd, Gd, Gd, Gd, Gd, Gd, Gd, Gd, Gd, Gd, Gd, Gd, Gd, Gs^Vht, Gd, Gd, Gd, Gd, Gd, Gd, Gd, Gd, Gd, Gd, Hhd, Hhd, Hhd, Hhd, Hhd, Hhd, Hhd, Hhd, Hhd, Hhd, Hhd, Hhd, Hhd, Hhd, Hhd, Hhd, Hhd, Hhd
Gd, Gd, Gd^Fts, Gd, Gd, Gd, Gd, Gd, Gd, Gd, Gd, Hhd, Hhd, Hhd, Gd, Gd, Gd, Gd, Gd, Gd, Gd, Gd, Gd, Gd, Gd^Fts, Gd, Gd^Fts, Gd, Gd, Gd, Gd, Gd, Gd, Gd, Gd, Gd, Gd, Gd, Gd, Gd, Gd, Gd, Gd, Gd, Gd, Gd, Gd, Gd, Gd, Gd, Gd, Gd, Gd, Gd, Gd, Gd, Gd, Gd, Gd, Gd, Gd, Gd, Gd, Gd, Gd, Gd, Gd, Gd, Gd, Gd, Gd, Gd, Gd, Gd, Gd, Gd, Hhd, Hhd, Hhd, Hhd, Hhd, Hhd, Hhd, Hhd, Hhd, Hhd, Md, Md, Md, Hhd, Hhd, Hhd, Hhd, Hhd, Hhd, Hhd
Gd, Gd, Gd, Gd, Gd, Gd, Gd, Gd, Gd, Gd, Gd, Hhd, Hhd, Hhd, Hhd, Gd, Gd, Gd, Gd, Gd, Gd, Gd, Gd^Fts, Gd^Fts, Gd, Gd, Gd, Gd, Gd, Gd, Gd, Gd, Gd, Gd, Gd, Gd, Gd, Gd, Gd, Gd, Gd, Gd, Gd, Gd, Gd, Gd, Gd, Gd, Gd, Gd, Gd, Gd, Gd, Gd, Gd, Gd, Gd, Gd, Gd, Gd, Gd, Gd, Gd, Gd, Gd, Gd, Gd, Gd, Gd, Gd, Gd, Gd, Gd, Gd, Hhd, Hhd, Gd^Fts, Hhd, Hhd, Hhd, Hhd, Gd^Fts, Hhd, Hhd, Hhd, Md, Md, Md, Md^Xm, Md, Md, Hhd, Md, Hhd, Hhd, Hhd
Gd, Gd, Gd, Gd, Gd, Gd, Gd, Gd, Gd, Gd, Gd, Hhd, Hhd^Vhhr, Hhd, Hhd, Gd, Gd, Gd, Gd, Gd, Gd, Gd, Gd, Gd, Gd^Fts, Gd, Gd^Fts, Gd^Fts, Gd, Gd, Gd, Gd, Gd, Gd, Gd, Gd, Gd^Fts, Gd, Gd, Gd, Gd, Gd, Gd, Gd, Gd, Gd, Gd, Gd, Gd, Gd, Gd, Gd, Gd, Gd, Gd^Fts, Gd^Fts, Gd^Fts, Gd, Gd, Gd^Fts, Gd^Fts, Gd, Gd, Gd, Gd, Gd, Gd, Gd, Gd, Gd, Gd, Gd, Gd, Hhd, Hhd, Hhd, Hhd, Gd^Fts, Hhd, Hhd, Hhd, Hhd, Hhd, Hhd, Md, Md, Md^Xm, Md, Md^Xm, Md^Xm, Md, Md, Md, Hhd, Hhd, Hhd
Gd, Gd, Gd, Gd, Gd, Gd^Fts, Gd, Gd, Gd, Gd, Gd, Gd, Hhd, Hhd, Hhd, Gd, Gd, Gd, Gd, Gd, Gd, Gd, Gd, Gd^Fts, Gd, Gd, Gd, Gs^Vht, Gd, Gd, Gd, Gd, Gd, Gd, Gd, Gd, Gd^Fts, Gd, Gd, Gd, Gd, Gd, Gd, Gd, Gd, Gd, Gd, Gd, Gd, Gd, Gd, Gd, Gd, Gd, Gd^Fts, Gd^Fts, Gd^Fts, Gd^Fts, Gd, Gd, Gd^Fts, Gd, Gd, Gd, Gs^Vht, Gd, Gd, Gd, Gd, Gd, Gd, Gd, Hhd, Hhd, Hhd, Hhd, Hhd, Hhd, Hhd, Hhd, Hhd, Hhd, Hhd, Hhd, Md, Md, Md^Xm, Md^Xm, Md, Md, Md, Md, Hhd, Hhd, Hhd, Hhd
Gd, Gd, Gd^Fts, Gd, Gd, Gd, Gd, Gd, Gd, Gd, Gd, Gd, Hhd, Hhd, Hhd, Hhd, Gd, Gd, Gd^Fts, Gd, Gd, Gd, Gd, Gd, Gd, Gd^Fts, Gd, Gd, Gd, Gd, Gd, Gd, Gd, Gd, Gd, Gd, Gd^Fts, Gd^Fts, Gd, Gd, Gd, Gd, Gd, Gd, Gd, Gd, Gd, Gd, Gd, Gd, Gd, Gd, Gd, Gd, Gd, Gd^Fts, Gd^Fts, Gd^Fts, Gd^Fts, Gd, Gd, Gd, Gd, Gd, Gd, Gd, Gd, Gd, Gd, Gd, Gd, Gd, Hhd, Hhd, Hhd, Hhd, Hhd, Hhd, Hhd, Hhd, Md, Md, Md, Md, Md, Md^Xm, Md, Md, Hhd, Hhd, Hhd, Hhd, Hhd, Hhd, Gd, Gd
Gd, Gd, Gd, Gd, Gd, Gd, Gd, Gd, Gd, Gd, Gd, Gd, Hhd, Hhd, Hhd, Hhd, Gd, Gd, Gd, Gd, Gd, Gd, Gd, Gd, Gd, Gd^Fts, Gd, Gd, Gd, Gd, Gd^Fts, Gd, Gd, Gd, Gd, Gd, Gd, Gd, Gd, Gd, Gd, Gd, Gd, Gd, Gd, Gd, Gd, Gd, Gd, Gd, Gd, Gd^Fts, Gd^Fts, Gd, Gd^Fts, Gd, Gd, Gd^Fts, Gd^Fts, Gd^Fts, Gd, Gd, Gd, Gd, Gd, Gd, Gd, Gd, Gd, Gd, Gd, Gd, Gd, Hhd, Hhd, Hhd, Hhd, Hhd, Hhd, Hhd, Md, Hhd, Hhd, Md, Md, Md^Xm, Md, Md, Hhd^Vhhr, Hhd, Hhd, Hhd, Gd, Gd, Gd, Gd
Gd, Gd, Gd, Gd, Gd, Gd^Fts, Gd, Gd, Gd, Gd, Gd, Gd, Gd, Hhd^Vhhr, Hhd, Hhd, Gd, Gd, Gd, Gd, Gd, Gd, Gd, Gd, Gd, Gd, Gd, Gd, Gd, Gd, Gd, Gd, Gd, Gd, Gd, Gd, Gd^Fts, Gd^Fts, Gd, Gd, Gd, Gd, Gd, Gd, Gd, Gd, Gd, Gd, Gd, Gd, Gd, Gd^Fts, Gd^Fts, Gd, Gd, Gd^Fts, Gd, Gd^Fts, Gd^Fts, Gd^Fts, Gd, Gd, Gd, Gd, Gd, Gd, Gd, Gd, Gd, Gd, Gd, Gd, Gd, Hhd, Hhd, Hhd, Hhd, Hhd, Hhd, Hhd, Hhd, Md, Md, Md, Md, Md, Md, Hhd, Hhd, Hhd, Hhd, Hhd, Gd, Gd, Gd, Gd
Gd, Gd, Gd, Gd, Gd, Gd, Gd, Gd, Gd, Gd^Fts, Gd, Gd, Gd, Hhd, Hhd, Hhd, Hhd, Gd, Gd, Gd, Gd, Gd, Gd, Gd, Gd, Gd, Gd, Gd^Fts, Gd, Gd, Gd, Gd, Gd, Gd, Gd, Gd, Gd, Gd, Gd^Fts, Gd, Gd, Gd, Gd, Gd, Gd, Gd, Gd^Fts, Gd, Gd, Gd, Gd, Gd^Fts, Gd^Fts, Gd^Fts, Gd, Gd^Fts, Gd^Fts, Gd, Gd, Gd^Fts, Gd, Gd, Gd, Gd, Gd, Gd, Gd, Gd, Gd, Gd, Gd, Gd, Gd, Gd, Gd, Gd, Gd, Hhd, Hhd, Hhd, Hhd, Hhd, Hhd, Hhd, Hhd, Md, Hhd, Hhd, Hhd^Vhhr, Hhd, Hhd, Gd, Gd, Gd, Gd, Gd
Gd, Gd, Gd, Gd, Gd, Gd, Gd, Gd, Gd, Gd, Gd, Gd, Gd, Hhd, Hhd, Hhd, Hhd, Gd, Gd, Gd, Gd, Gd, Gd, Gd, Gd, Gd, Gd, Gd, Gd, Gd, Gd, Gd, Gd, Gd, Gd, Gd, Gd, Gd^Fts, Gd, Gd, Gd, Gd, Gd, Gd, Gd, Gd, Gd, Gd, Gd, Gd, Gd, Gd, Gd, Gd^Fts, Gd, Gd^Fts, Gd, Gd^Fts, Gd, Gd, Gd, Gd, Gd, Gd, Gd^Fts, Gd, Gd, Gd, Gd, Gd, Gd, Gd, Gd, Gd, Gd, Gd, Gd, Gd, Gd, Hhd, Hhd, Hhd, Hhd, Hhd, Hhd, Hhd, Hhd, Hhd, Hhd, Hhd, Hhd, Gd, Gd, Gd, Gd, Gd
Gd, Gd, Gd, Gd^Fts, Gd, Gd^Fts, Gd, Gd, Gd, Gd, Gd, Gd, Gd, Gd, Hhd, Hhd^Vhhr, Hhd, Gd, Gd, Gd, Gd, Gd^Fts, Gd, Gd^Fts, Gd, Gd, Gd, Gd, Gd, Gd, Gd, Gd, Gd^Fts, Gd, Gd, Gd, Gd, Gd, Gd^Fts, Gd^Fts, Gd, Gd, Gd, Gd, Gd, Gd, Gd, Gd, Gd, Gd, Gd, Gd, Gd, Gd, Gd, Gd, Gd, Gd, Gd, Gd^Fts, Gd, Gd, Gd, Gd, Gd, Gd, Gd, Gd, Gd, Gd, Gd, Gd, Gd, Gd, Gd, Gd, Gd, Gd, Gd, Gd, Gd, Hhd, Hhd, Hhd, Hhd, Hhd, Hhd, Hhd, Hhd, Hhd, Hhd, Gd, Gd, Gd, Gd, Gd
Gd, Gd, Gd, Gd, Gd, Gd, Gd, Gd, Gd, Gd, Gd^Fts, Gd, Gd, Gd, Hhd, Hhd, Hhd, Gd, Gd, Gd, Gd, Gd, Gd, Gd, Gd, Gd, Gd, Gd, Gd, Gd, Gd, Gd, Gd, Gd, Gd, Gd, Gd, Gd^Fts, Gd^Fts, Gd^Fts, Gd, Gd, Gd, Gd, Gd, Gd, Gd, Gd, Gd, Gd, Gd, Gd^Fts, Gd, Gd, Gd, Gd, Gd, Gd, Gd, Gd, Gd, Gd, Gd, Gd, Gd, Gd, Gd, Gd, Gd, Gd, Gd, Gd, Gd, Gd, Gd, Gd, Gs^Vc, Gd, Gd, Gd, Gd, Gd, Gd, Hhd, Hhd, Hhd, Hhd, Hhd, Hhd, Hhd, Hhd, Hhd, Gd, Gd, Gd, Gd
Gd, Gd, Gd, Gd, Gd, Gd, Gd, Gd, Gd, Gd^Fts, Gd, Gd, Gd, Gd, Hhd, Hhd, Hhd, Hhd, Gd, Gd, Gd, Gd, Gd, Gd, Gd, Gd, Gd, Gd, Hhd, Gd, Gd, Gd, Gd, Gd, Gd, Gd, Gd, Gd, Gd, Gd, Gd, Gd, Gd, Gd, Gd, Gd, Gd, Gd^Fts, Gd, Gd, Gd, Gd, Gd, Gd, Gd, Gd^Fts, Gd, Gd, Gd, Gd, Gd, Gd, Gd, Gd, Gd, Gd, Gd, Gd, Gd, Gd, Gd, Gd, Gd, Gd, Gd, Gd, Dd^Do, Gs^Vc, Gd, Gd, Gd, Gd, Gd, Hhd, Hhd, Hhd, Hhd, Hhd, Hhd, Hhd, Hhd, Hhd, Gd, Gd, Gd, Gd
Gd, Gd, Gd^Fts, Gd, Gd, Gd, Gd, Gd, Gd, Gd, Gd, Gd, Gd, Gd, Gd, Hhd, Hhd, Hhd, Gd, Gd, Gd, Gd, Gd, Gd, Gd, Gd, Gd, Hhd, Hhd, Hhd, Gd, Gd, Gd, Gd, Gd, Gd, Gd, Gd, Gd, Gd^Fts, Gd, Gd, Gd, Gd, Gd, Gd, Gd, Gd, Gd, Gd, Gd, Gd, Gd^Fts, Gd, Gd, Gd, Gd, Gd, Gd, Gd, Gd, Gd^Fts, Gd, Gd, Gd, Gd, Gd, Gd, Gd, Gd, Gd, Gd, Gd, Gd, Gd, Gs^Vc, Gs^Vc, Gd, Gd, Gd, Gd, Gd, Gd, Gd, Gd, Hhd, Hhd, Hhd, Hhd, Hhd, Hhd, Hhd, Gd, Gd, Gd, Gd
Gd, Gd, Gd, Gd, Gd, Gd, Gd, Gd, Gd, Gd, Gd, Gd, Gd, Gd, Gd, Hhd, Hhd, Hhd, Gd, Gd, Gd, Gd, Gd, Gd, Gd, Gd, Gd, Hhd, Hhd, Hhd, Hhd, Gd, Gd, Gd, Gd, Gd, Gd, Gd, Gd, Gd, Gd, Gd, Gd, Gd, Gd, Gd, Gd^Fts, Gd, Gd, Gd^Fts, Gd, Gd, Gd, Gd, Gd, Gd, Gd, Gd, Gd, Gd, Gd, Gd, Gd, Gd, Hhd, Hhd, Hhd, Hhd, Hhd, Gd, Hhd, Gd, Hhd, Gd, Hhd, Hhd, Hhd, Gd, Hhd, Gd, Hhd, Gd, Hhd, Gd, Hhd, Hhd, Hhd, Hhd, Hhd, Hhd, Hhd, Hhd, Gd, Gd, Gd, Gd
Gd, Gd, Gd, Gd, Gd, Gd, Hhd, Gd, Hhd, Gd, Hhd, Hhd, Hhd, Hhd, Hhd, Hhd, Hhd, Hhd, Gd, Gd, Gd, Gs^Vht, Gd, Gd, Gd, Gd, Gd, Hhd, Hhd, Hhd, Hhd, Gd, Gd, Gd, Gd, Gd, Gd, Gd, Gd, Gd, Gd, Gd, Gd, Gd^Fts, Gd^Fts, Gd^Fts, Gd, Gd, Gd, Gd, Gd, Gd, Gd, Gd, Gd, Gd, Gd, Gd^Fts, Gd, Gd, Gd, Gd, Gd, Gd, Gd, Hhd, Hhd, Hhd, Hhd, Hhd, Hhd, Hhd, Hhd, Hhd, Hhd, Hhd, Hhd, Hhd, Hhd, Hhd, Hhd, Hhd, Hhd, Hhd, Hhd, Hhd, Hhd, Hhd, Hhd^Vhhr, Hhd, Hhd, Hhd, Gd, Gd, Gd, Gd
Gd, Gd, Gd, Gd, Gd, Hhd, Hhd, Hhd, Hhd^Vhhr, Hhd, Hhd, Hhd, Hhd^Vhhr, Hhd, Hhd, Hhd, Hhd, Hhd, Gd, Gd, Gd, Gd, Gd^Fts, Gd, Gd, Gd, Gd, Gd, Hhd, Hhd, Hhd, Hhd, Gd, Gd, Gd, Gd, Gd, Gd, Gd, Gd, Gd, Gd, Gd, Gd^Fts, Gd^Fts, Gd, Gd, Gd, Gd, Gd, Gd, Gd, Gd, Gd, Gd, Gd, Gd, Gd, Gd, Gd, Gd, Gd, Gd, Gd, Gd, Gd, Gd, Hhd, Hhd, Hhd, Hhd, Hhd, Hhd, Hhd, Md, Hhd, Md, Hhd, Hhd, Hhd, Hhd, Hhd, Hhd, Hhd, Hhd, Hhd, Hhd, Hhd, Hhd, Hhd, Hhd, Hhd, Gd, Gd, Gd, Gd
Gd, Gd, Gd, Gd, Gd, Hhd, Hhd, Hhd, Hhd, Hhd, Hhd, Hhd, Hhd, Hhd, Hhd, Hhd, Gd, Gd, Gd, Gd, Gd, Gd^Fts, Gd^Fts, Gd^Fts, Gd, Gd, Gd, Gd, Gd, Hhd, Hhd, Hhd, Hhd, Gd, Gd, Gd, Gd, Gd, Gd^Fts, Gd, Gd, Gd, Gd, Gd, Gd, Gd, Gd, Gd, Gd, Gd, Gd, Gd, Gd^Fts, Gd, Gd, Gd, Gd, Gd, Gd, Gd, Gd, Gd, Gd, Gd, Gd, Gd, Gd, Gd, Hhd, Hhd, Hhd, Hhd, Md, Md, Md, Md, Md, Md, Md, Hhd, Hhd, Hhd, Md, Md, Md, Hhd, Md, Hhd, Hhd, Hhd, Hhd, Gd, Gd, Gd, Gd, Gd
Gd, Gd, Gd, Gd, Gd, Gd, Gd, Hhd, Gd, Hhd, Gd, Hhd, Gd, Gd, Gd, Gd, Gd, Gd, Gd, Gd, Gd, Gd^Fts, Gd^Fts, Gd^Fts, Gd, Gd, Gd, Gd, Gd, Hhd, Hhd, Hhd, Hhd, Gd, Gd, Gd, Gd, Gd, Gd, Gd, Gd, Gd, Gd, Gd, Gd, Gd, Gd, Gd, Gd, Gd, Gd, Gd^Fts, Gd^Fts, Gd^Fts, Gd^Fts, Gd^Fts, Gd, Gd, Gd, Gd, Gd, Gd, Gd, Gd, Gd, Gd, Gd, Gd, Hhd, Hhd, Hhd, Hhd, Hhd, Md, Md, Md, Md, Md, Md, Hhd, Md, Md, Md^Xm, Md^Xm, Md, Hhd, Md, Hhd, Hhd^Vhhr, Hhd, Hhd, Gd, Gd, Gd, Gd, Gd
Gd, Gd, Gd, Gd, Gd, Gd, Gd, Gd, Gd, Gd, Gd, Gd, Gd, Gd, Gd^Fts, Gd, Gd, Gd, Gd, Gd, Gd, Gd, Gd, Gd, Gd, Gd, Gd, Gd, Gd, Gd, Hhd, Hhd, Mv, Hhd, Gd, Gd, Gd, Gd, Gd, Gd, Gd, Gd, Gd, Gd, Gd, Gd, Gd, Gd, Gd, Gd, Gd^Fts, Gd, Gd, Gd^Fts, Gd^Fts, Gd, Gd, Gd, Gd, Gd, Dd^Do, Gd, Gd, Gd, Gd, Gd, Gd, Gd, Hhd, Hhd, Hhd, Hhd, Hhd, Md, Md, Md, Md, Md, Md, Md, Md^Xm, Md^Xm, Md, Md, Md, Hhd, Md, Hhd, Hhd, Hhd, Gd, Gd, Gd, Gd, Gd, Gd
Gd, Gd, Gd, Gd, Gd, Gd, Gd, Gd, Gd, Gd, Gd, Gd, Gd, Gd, Gd, Gd, Gd, Gd, Gd, Gd, Gd, Gd, Gd, Gd, Gd, Gd, Gd, Gd, Gd, Gd, Hhd, Mm, Mm, Mm, Gd, Gd, Gd, Gd, Gd^Fts, Gd, Gd, Gd, Gd, Gd, Gd, Gd, Gd, Gd, Gd^Fts, Gd^Fts, Gd^Fts, Gd, Gd, Gd^Fts, Gd, Gd, Gd, Gd, Gd, Gd, Gd, Gd^Fts, Gd, Gd, Gd, Gd, Gd, Gd, Gd, Hhd, Hhd, Hhd, Hhd, Hhd, Hhd, Md, Md, Md, Md, Md^Xm, Md, Md, Md, Md, Md, Md, Hhd, Hhd, Hhd, Hhd, Gd, Gd, Gd, Gd, Gd, Gd
Gd, Gd, Gd, Gd, Gd, Gd, Gd, Gd, Gd, Gd, Gd, Gd, Gd, Gd, Gd, Gd, Gd, Gd, Gd, Gd^Fts, Gd, Gd, Gd, Gd, Gd, Gd, Gd, Gd, Gd, Gd, Gd, Hhd, Hhd, Hhd, Hhd, Gd, Gd, Gd, Gd, Gd, Gd, Gd, Gd, Gd, Gd, Gd, Gd, Gd^Fts, Gd^Fts, Gd^Fts, Gd^Fts, Gd^Fts, Gd, Gd, Gd, Gd, Gd, Gd, Gd, Gd, Gd, Gd, Gd, Gd, Gd, Gd, Gd, Gd, Gd, Gd, Gd, Hhd, Hhd, Hhd, Hhd, Hhd, Hhd, Hhd, Md, Md, Md, Md, Md, Md, Md, Md, Hhd, Hhd, Hhd, Hhd, Gd, Gd, Gd, Gd, Gd, Gd
Gd, Gd, Gd, Gd, Gd, Gd, Gd^Fts, Gd^Fts, Gd, Gd, Gd, Gd, Gd, Gd, Gd, Gd, Gd, Gd, Gd, Gd, Gd, Gd, Gd, Gd, Gd, Gd, Gd, Gd^Fts, Gd, Gd, Gd, Hhd, Hhd, Hhd, Hhd, Gd, Gd, Gd, Gd, Gd, Gd, Gd, Gd, Gd, Gd, Gd, Gd^Fts, Gd, Gd, Gd^Fts, Gd, Gd, Gd, Gd, Gd, Gd, Gd, Gd, Gd, Gd, Gd, Gd, Gd, Gd, Gd, Gd, Gd, Gd, Gd, Gd, Gd, Gd, Gd, Hhd, Hhd, Hhd, Hhd, Hhd, Md, Md, Md, Md, Hhd, Hhd, Hhd, Hhd, Hhd, Hhd, Gd, Gd, Gd, Gd, Gd, Gd, Gd, Gd
Gd, Gd^Fts, Gd, Gd, Gd, Gd, Gd, Gd, Gd^Fts, Gd, Gd, Gd^Fts, Gd, Gd, Gd, Gd, Gd, Gd, Gd, Gd, Gd, Gd, Gd, Gd, Gd, Gd, Gd, Gd, Gd, Gd, Gd, Gd, Hhd, Hhd, Hhd, Gd, Gd, Gd, Gd, Gd, Gd, Gd, Gd, Gd, Gd, Gd, Gd^Fts, Gd^Fts, Gd^Fts, Gd, Gd, Gd, Gd, Gd, Gd, Gd, Gd, Gd, Gd, Gd, Gd, Gd^Fts, Gd, Gd, Gd, Gd, Gd, Gd, Gd, Gd, Gd^Fts, Gd, Gd, Gd, Gd, Hhd, Hhd, Hhd, Hhd, Hhd, Hhd, Hhd, Hhd, Hhd, Hhd, Hhd, Hhd, Hhd, Gd, Gd, Gd, Gd, Gd, Gd, Gd, Gd
Gd, Gd, Gd, Gd, Gd, Gd, Gd, Gd^Fts, Gd, Gd, Gd, Gd, Gd, Gd, Gd, Gd, Gd, Gd, Gd^Fts, Gd, Gd, Gd, Gd, Gd, Gd, Gd, Gd, Gd, Gd, Gd, Gd, Gd, Hhd, Hhd, Hhd, Gd, Gd, Gd, Gd, Gd, Gd, Gd, Gd, Gd, Gd, Gd, Gd^Fts, Gd^Fts, Gd^Fts, Gd, Gd, Gd, Gd, Gd, Gd, Gd, Gd, Gd, Gd, Gd, Gd^Fts, Gd, Gd, Gd, Gd, Gd, Gd, Gd, Gd, Gd, Gd, Gd, Gd, Gd, Gd, Hhd, Hhd, Hhd, Hhd, Hhd, Hhd, Hhd, Hhd, Hhd, Hhd, Hhd, Gd, Gd, Gd, Gd, Gd, Gd, Gd, Gd, Gd, Gd
Gd, Gd, Gd, Gd, Gd, Gd, Gd, Gd, Gd, Gd, Gd, Gd, Gd, Gd, Gd, Gd, Gd, Gd^Fts, Gd, Gd^Fts, Gd, Gd, Gd, Gd, Gd, Gd, Gd, Gd, Gd, Gd, Gd, Gd, Hhd, Hhd, Hhd, Gd, Gd, Gd, Gd^Fts, Gd, Gd, Gd, Gd, Gd, Gd, Gd, Gd, Gd^Fts, Gd, Gd, Gd, Gd, Gd, Gd, Gd, Gd, Gd, Gd, Gd, Gd, Gd, Gd, Gd, Gd, Gd, Gd, Gd, Gd, Gd, Gd, Gd, Gd, Gd, Gd, Gd, Gd, Gd, Hhd, Gd, Hhd, Gd, Hhd, Gd, Gd, Gd, Gd, Gd, Gd, Gd, Gd, Gd, Gd, Gd, Gd^Fts, Gd, Gd
Gd, Gd, Gd, Gd, Gd, Gd, Gd, Gd, Gd, Gd, Gd, Gd^Fts, Gd, Gd, Gd, Gd, Gd, Gd^Fts, Gd, Gd^Fts, Gd, Gd, Gd, Gd, Gd^Fts, Gd, Gd, Gd, Gd, Gd, Gd, Gd, Gd, Hhd, Gd, Gd, Gd, Gd, Gd, Gd, Gd, Gd, Gd, Gd, Gd, Gd, Gd, Gd, Gd, Gd, Gd, Gd, Gd, Gd, Gd^Fts, Gd, Gd, Gd, Gd, Gd, Gd, Gd, Gd, Gd, Gd^Fts, Gd, Gd^Fts, Gd, Gd, Gd, Gd, Gd, Gd, Gd, Gd^Fts, Gd, Gd, Gd, Gd, Gd^Fts, Gd, Gd, Gd, Gd, Gd, Gd^Fts, Gd, Gd, Gd, Gd^Fts, Gd, Gd, Gd, Gd, Gd, Gd
Gd, Gd, Gd, Gd, Gd^Fts, Gd, Gd, Gd, Gd, Gd, Gd, Gd, Gd, Gd, Gd, Gd, Gd, Gd, Gd, Gd, Gd, Gd, Gd, Gd, Gd, Gd, Gd, Gd, Gd, Gd, Gd, Gd, Gd, Gd, Gd, Gd, Gd, Gd, Gd, Gd, Gd, Gd, Gd, Gd, Gd^Fts, Gd, Gd, Gd, Gd, Gd, Gd, Gd, Gd, Gd^Fts, Gd, Gd^Fts, Gd, Gd, Gd, Gd, Gd, Gd, Gd^Fts, Gd^Fts, Gd^Fts, Gd^Fts, Gd, Gd, Gd^Fts, Gd^Fts, Gd^Fts, Gd, Gd, Gd, Gd, Gd, Gd, Gd, Gd, Gd, Gd, Gd, Gd, Gd, Gd, Gd, Gd, Gd, Gd, Gd, Gd, Gd, Gd, Gd, Gd, Gd
Gd, Gd, Gd, Gd, Gd, Gd, Gd, Gd, Gd, Gd, Gd, Gd, Gd, Gs^Vht, Gd, Gd, Gd, Gd, Gd, Gd, Gd, Gd, Gd, Gd, Gd, Gd, Gd, Gd, Gd, Gd, Gd, Gd, Gd, Gd, Gd^Fts, Gd, Gd, Gd, Gd, Gd, Gd, Gd, Gd^Fts, Gd, Gd, Gd, Gd, Gd, Gd, Gd, Gd, Gd, Gd^Fts, Gd, Gd, Gd, Gd^Fts, Gd, Gd, Gd, Gd^Fts, Gd, Gd, Gd^Fts, Gd^Fts, Gd, Gd, Gd^Fts, Gd^Fts, Gd^Fts, Gd, Gd, Gd, Gd, Gd, Gd, Gd, Gd, Gd, Gd^Fts, Gd, Gd^Fts, Gd, Gd, Gs^Vht, Gd, Gd, Gd, Gd, Gd, Gd, Gd, Gd, Gd^Fts, Gd, Gd
Hhd, Hhd, Hhd, Gd, Gd, Gd, Gd, Gd, Gd, Gd, Gd, Gs^Vht, Gd, Gd, Gd, Gd, Gd, Gd, Gd, Gd, Gd, Gd, Gd, Gd, Gd, Gd, Gd, Gd, Gd, Gd, Gd, Gd, Gd, Gd, Gd, Gd, Gd, Gd, Gd, Gd, Gd, Gd, Gd, Gd, Gd, Gd, Gd, Gd, Gd, Gd, Gd, Gd, Gd, Gd, Gd, Gd, Gd^Fts, Gd, Gd, Gd, Gd^Fts, Gd^Fts, Gd, Gd^Fts, Gd, Gd^Fts, Gd^Fts, Gd^Fts, Gd, Gd, Gd^Fts, Gd, Gd^Fts, Gd^Fts, Gd^Fts, Gd, Gd^Fts, Gd, Gd, Gd, Gd, Gd, Gd, Gd, Gd, Gd, Gd, Gd, Gd, Gd, Gd, Gd, Gd, Gd^Fts, Gd, Gd
Hhd, Hhd, Hhd, Hhd, Hhd, Gd, Gd, Gd, Gd, Gd, Gd, Gd, Gd, Gs^Vht, Gd, Gd, Gd, Gd, Gd, Gd, Gd, Gd, Gd^Fts, Gd, Gd, Gd, Gd, Gd, Gd^Fts, Gd, Gd, Gd, Gd, Gd, Gd, Gd, Gd, Gd, Gd^Fts, Gd, Gd, Gd, Gd, Gd, Gd, Gd, Gd, Gd^Fts, Gd, Gd, Gd, Gd^Fts, Gd, Gd, Gd, Gd, Gd, Gd, Gd, Gd, Gd, Gd^Fts, Gd^Fts, Gd, Gd^Fts, Gd, Gd, Gd, Gd^Fts, Gd^Fts, Gd^Fts, Gd^Fts, Gd, Gd^Fts, Gd, Gd, Gd, Gd, Gd, Gd^Fts, Gd, Gd, Gd, Gd, Gd^Fts, Gd, Gd^Fts, Gd, Gd, Gd, Gd, Gd^Fts, Gd, Gd, Gd^Fts, Gd
Gd, Hhd, Hhd, Hhd, Hhd, Hhd, Hhd, Gd, Gd, Gd^Fts, Gd, Gd, Gd, Gd^Fts, Gd, Gd^Fts, Gd, Gd, Gd, Gd, Gd, Gd, Gd, Gd, Gd, Gd, Gd, Gd, Gd, Gd, Gd, Gd, Gd^Fts, Gd, Gd, Gd, Gd, Gd, Gd^Fts, Gd, Gd, Gd, Gd, Gd, Gd, Gd, Gd, Gd, Gd, Gd, Gd, Gd, Gd, Gd, Gd, Gd, Gd, Gd, Gd, Gd, Gd, Gd, Gd, Gd, Gs^Vht, Gd, Gd, Gd^Fts, Gd, Gd^Fts, Gd, Gd, Gd^Fts, Gd, Gd^Fts, Gd, Gd, Gd, Gd, Gd, Gd, Gd, Gd, Gd, Gd, Gd, Gd, Gd, Gd, Gd, Gd, Gd^Fts, Gd, Gd, Gd, Gd
Gd, Gd, Gd, Hhd, Hhd, Hhd, Hhd, Gd, Gd, Gd, Gd, Gd, Gd, Gd, Gd^Fts, Gd^Fts, Gd, Gd, Gd, Gd, Gd, Gd, Gd, Gd, Gd, Gd, Gd, Gd, Gd, Gd, Gd, Gd, Gd, Gd, Gd, Gd, Gd, Gd, Gd, Gd, Gd, Gd, Gd, Gd, Gd, Gd, Gd, Gd, Gd, Gd, Gd, Gd, Gd, Gd, Gd, Gd, Gd, Gd, Gd, Gd, Gd, Gd, Gd, Gd, Gd, Gd, Gd, Gd, Gd, Gd, Gd, Gd, Gd^Fts, Gd^Fts, Gd^Fts, Gd^Fts, Gd, Gd, Gd, Gd, Gd, Gd, Gd, Gd, Gd, Gd, Gd, Gd, Gd, Gd, Gd, Gd, Gd, Gd, Gd, Gd
Gd, Gd, Gd, Hhd, Hhd, Hhd, Hhd, Hhd, Gd, Gd, Gd, Gd, Gd, Gd, Gd, Gd, Gd, Gd, Gd, Gd, Gd, Gd, Gd, Gd, Gd, Gd, Gd, Gd, Gd, Gd, Gd, Gd, Gd, Gd, Gd, Gd, Gd, Gd, Gd, Gd^Fts, Gd, Gd, Gd, Gd^Fts, Gd, Gd, Gd, Gd, Gd, Gd, Gd, Gd, Gd, Gd, Gd^Fts, Gd^Fts, Gd, Gd, Gd, Gd, Gd, Gd, Gd, Gd, Gd, Gd, Gd, Gd, Gd, Gd, Gd^Fts, Gd^Fts, Gd^Fts, Gd^Fts, Gd^Fts, Gd^Fts, Gd, Gd, Gd, Gd, Gd, Gd, Gd, Gd, Gd^Fts, Gd, Gd, Gd, Gd^Fts, Gd^Fts, Gd, Gd, Gd, Gd, Gd, Gd
Gd, Gd, Gd, Gd, Gd, Hhd, Hhd, Hhd, Hhd, Gd, Gd, Gd, Gd, Gd, Gd, Gd, Gd, Gd, Gd, Gd, Gd, Gd, Hhd, Hhd, Hhd, Hhd, Hhd, Hhd, Hhd, Hhd, Hhd, Hhd, Hhd, Hhd, Hhd, Gd, Hhd, Gd, Gd, Gd, Gd, Gd, Gd, Gd, Gd, Gd, Gd, Gd, Gd, Gd, Gd, Gd, Gd, Gd, Gd^Fts, Gd^Fts, Gd, Gd, Gd, Gd, Gd, Gd^Fts, Gd^Fts, Gd, Gd^Fts, Gd, Gd, Gd, Gd, Gd^Fts, Gd^Fts, Gd^Fts, Gd^Fts, Gd^Fts, Gd, Gd^Fts, Gd, Gd, Gd, Gd, Gd, Gd^Fts, Gd, Gd, Gd, Gd, Gd, Gd, Gd, Gd, Gd, Gd, Gd, Gd, Gd, Gd
Gd, Gd, Gd, Gd, Gd, Hhd, Hhd, Hhd, Hhd, Gd, Hhd, Gd, Gd, Gd, Gd, Gd, Gd, Gd, Hhd, Hhd, Hhd, Hhd, Hhd^Vhhr, Hhd, Hhd, Hhd, Hhd, Hhd, Hhd, Hhd, Hhd, Hhd, Hhd, Hhd, Hhd, Hhd, Hhd, Hhd, Hhd, Gd, Gd, Gd, Gd, Gd, Gd, Gd, Gd, Gd, Gd, Gd, Gd, Gd^Fts, Gd^Fts, Gd^Fts, Gd, Gd, Gd, Gd, Gd, Gd, Gd, Gd, Gd, Gd^Fts, Gd, Gd^Fts, Gd^Fts, Gd, Gd, Gd, Gd^Fts, Gd^Fts, Gd^Fts, Gd^Fts, Gd, Gd^Fts, Gd, Gd^Fts, Gd, Gd, Gd^Fts, Gs^Vht, Gd, Dd^Do, Gs^Vht, Gd, Gd, Gd, Gd, Gd, Gd, Gd, Gd^Fts, Gd, Gd, Gd
Gd, Gd, Gd, Gd, Gd, Gd, Hhd, Hhd, Hhd, Hhd, Hhd, Hhd, Hhd, Hhd, Hhd, Hhd, Hhd, Hhd, Hhd, Hhd, Hhd, Hhd, Hhd, Hhd, Hhd, Hhd, Hhd, Hhd, Hhd, Hhd, Hhd, Hhd, Hhd, Hhd, Hhd, Hhd, Hhd, Hhd, Hhd, Hhd, Hhd, Gd, Gd, Gd, Gd, Gd, Gd, Gd, Gd, Gd, Gd, Gd, Gs^Vht, Gd, Gd, Gd, Gd, Gd, Gd, Gd, Gd, Gd, Gd, Gd, Gd, Gd^Fts, Gd, Gd, Gd^Fts, Gd, Gd, Gd, Gd, Gd, Gd^Fts, Gd^Fts, Gd, Gd, Gd, Gd, Gd, Gd, Gs^Vht, Gd, Gd^Fts, Gd, Gd, Gd, Gd, Gd, Gd, Gd, Gd, Gd, Gd, Gd
Gd, Gd, Gd, Gd, Gd, Gd, Gd, Hhd, Hhd, Hhd, Hhd, Hhd, Hhd, Hhd, Hhd, Hhd, Hhd, Hhd, Hhd, Hhd, Hhd, Hhd, Gd^Fts, Hhd, Gd^Fts, Gd^Fts, Gd^Fts, Gd^Fts, Gd^Fts, Gd^Fts, Gd^Fts, Gd^Fts, Gd^Fts, Gd^Fts, Gd^Fts, Hhd, Gd^Fts, Hhd, Hhd, Hhd, Hhd, Hhd, Hhd, Gd, Gd, Gd, Gd, Gd, Gd, Gd, Gs^Vht, Gd, Dd^Do, Gd, Gs^Vht, Gd^Fts, Gd, Gd, Gd, Gd, Gd, Gd, Gd, Gd, Gs^Vht, Gd, Gd^Fts, Gd^Fts, Gd^Fts, Gd^Fts, Gd^Fts, Gd^Fts, Gd, Gd^Fts, Gd, Gd, Gd, Gd, Gd, Gd, Gd, Gd, Gd, Gd, Gd^Fts, Gd, Gd, Gd, Hhd, Gd, Hhd, Gd, Hhd, Gd, Gd, Gd
Gd, Gd, Gd, Gd, Gd, Gd, Gd^Fts, Gd^Fts, Gd^Fts, Hhd, Gd^Fts, Hhd, Hhd, Hhd, Hhd, Hhd, Hhd, Hhd, Gd^Fts, Hhd, Gd^Fts, Gd^Fts, Gd^Fts, Gd^Fts, Gd^Fts, Gd^Fts, Gd^Fts, Gd^Fts, Gd^Fts, Gd^Fts, Gd^Fts, Gd^Fts, Gd^Fts, Gd^Fts, Gd^Fts, Gd^Fts, Gd^Fts, Gd^Fts, Gd^Fts, Hhd, Hhd, Hhd, Hhd, Gd, Gd^Fts, Gd, Gd^Fts, Gd, Gd^Fts, Gd, Gd, Gd, Gd, Gd, Gd, Gd, Gd, Gd, Gd, Gd, Gd, Gd, Gd, Gd, Gd, Gd, Gd^Fts, Gd^Fts, Gd, Gd, Gd, Gd, Gd, Gd, Gd, Gd, Gd, Hhd, Gd, Gd, Gd, Gd, Gd, Gd, Gd, Gd, Gd, Hhd, Hhd, Hhd, Hhd, Hhd^Vhhr, Hhd, Hhd, Gd, Gd
Gd, Gd, Gd, Gd, Gd, Gd^Fts, Gd^Fts, Gd^Fts, Gd^Fts, Gd^Fts, Gd^Fts, Gd^Fts, Gd^Fts, Gd^Fts, Gd^Fts, Gd^Fts, Gd^Fts, Gd^Fts, Gd^Fts, Gd^Fts, Gd^Fts, Gd^Fts, Gd^Fts, Gd^Fts, Gd^Fts, Gd^Fts, Gd^Fts, Gd^Fts, Gd^Fts, Gd^Fts, Gd^Fts, Gd^Fts, Gd^Fts, Gd^Fts, Gd^Fts, Gd^Fts, Gd^Fts, Gd^Fts, Gd^Fts, Gd^Fts, Gd^Fts, Hhd, Gd^Fts, Gd^Fts, Gd^Fts, Gd^Fts, Gd^Fts, Gd^Fts, Gd^Fts, Gd^Fts, Gd^Fts, Gd, Gd, Gs^Vht, Gd, Gd, Gd, Gd, Gd, Gd, Gd, Gd, Gd, Gd, Gd, Gd, Gd, Gd, Gd, Gd, Gd, Gd, Gd, Gd, Gd^Fts, Gd, Gd^Fts, Hhd, Gd^Fts, Gd, Gd^Fts, Gd, Gd, Gd, Gd, Gd, Gd, Gd, Gd, Hhd, Hhd, Hhd, Hhd, Hhd, Gd, Gd
Gd, Gd, Gd^Fts, Gd, Gd^Fts, Gd^Fts, Gd^Fts, Gd^Fts, Gd^Fts, Gd^Fts, Gd^Fts, Gd^Fts, Gd^Fts, Gd^Fts, Gd^Fts, Gd^Fts, Gd^Fts, Gd^Fts, Gd^Fts, Gd^Fts, Gd^Fts, Gd^Fts, Gd^Fts, Gd^Fts, Gd^Fts, Gd^Fts, Gd^Fts, Gd^Fts, Gd^Fts, Gd^Fts, Gd^Fts, Gd^Fts, Gd^Fts, Gd^Fts, Gd^Fts, Gd^Fts, Gd^Fts, Gd, Gd^Fts, Gd^Fts, Gd^Fts, Gd^Fts, Gd^Fts, Gd^Fts, Gd^Fts, Gd^Fts, Gd^Fts, Gd^Fts, Gd^Fts, Gd^Fts, Gd^Fts, Gd^Fts, Gd, Gd, Gd, Gd, Gd, Gd, Gd, Gd, Gd, Gd, Gd, Gd, Gd, Hhd, Gd, Gd, Gd, Gd, Gd^Fts, Gd^Fts, Gd^Fts, Gd^Fts, Gd^Fts, Gd^Fts, Gd^Fts, Gd^Fts, Gd^Fts, Gd^Fts, Gd^Fts, Gd^Fts, Gd^Fts, Gd^Fts, Gd^Fts, Gd, Gd^Fts, Gd, Gd, Hhd, Gd, Hhd, Gd, Gd, Gd, Gd
Gd^Fts, Gd^Fts, Gd^Fts, Gd^Fts, Gd^Fts, Gd^Fts, Gd^Fts, Gd^Fts, Gd^Fts, Gd^Fts, Gd^Fts, Gd^Fts, Gd^Fts, Gd^Fts, Gd^Fts, Gd^Fts, Gd^Fts, Gd^Fts, Gd^Fts, Gd^Fts, Gd^Fts, Gd^Fts, Gd^Fts, Gd^Fts, Gd^Fts, Gd^Fts, Gd^Fts, Gd^Fts, Gd^Fts, Gd^Fts, Gd^Fts, Gd^Fts, Gd^Fts, Gd^Fts, Gd^Fts, Gd^Fts, Gd^Fts, Gd^Fts, Gd, Gd^Fts, Gd^Fts, Gd^Fts, Gd^Fts, Gd^Fts, Gd^Fts, Gd^Fts, Gd^Fts, Gd^Fts, Gd^Fts, Gd^Fts, Gd^Fts, Gd^Fts, Hhd, Hhd, Hhd, Gd, Gd^Fts, Gd^Fts, Gd^Fts, Gd, Gd, Gd, Gd^Fts, Gd, Hhd, Hhd, Hhd, Gd, Gd^Fts, Gd^Fts, Gd^Fts, Gd^Fts, Gd^Fts, Gd^Fts, Gd^Fts, Gd^Fts, Gd^Fts, Gd^Fts, Gd^Fts, Gd^Fts, Gd^Fts, Gd^Fts, Gd^Fts, Gd^Fts, Gd^Fts, Gd^Fts, Gd^Fts, Gd^Fts, Gd^Fts, Gd^Fts, Gd^Fts, Gd, Gd^Fts, Gd, Gd^Fts, Gd^Fts
Gd^Fts, Gd^Fts, Gd^Fts, Gd^Fts, Gd^Fts, Gd^Fts, Gd^Fts, Gd^Fts, Gd^Fts, Gd^Fts, Gd^Fts, Gd^Fts, Gd^Fts, Gd^Fts, Gd^Fts, Gd^Fts, Gd^Fts, Gd^Fts, Gd^Fts, Gd^Fts, Gd^Fts, Gd^Fts, Gd^Fts, Gd^Fts, Gd^Fts, Gd^Fts, Gd^Fts, Gd^Fts, Gd^Fts, Gd^Fts, Gd^Fts, Gd^Fts, Gd^Fts, Gd^Fts, Gd^Fts, Gd^Fts, Gd^Fts, Gd^Fts, Gd^Fts, Gd^Fts, Gd^Fts, Gd^Fts, Gd^Fts, Gd^Fts, Gd^Fts, Gd^Fts, Gd^Fts, Gd^Fts, Gd^Fts, Gd^Fts, Gd^Fts, Gd^Fts, Hhd, Hhd, Hhd, Gd^Fts, Gd^Fts, Gd^Fts, Gd^Fts, Gd^Fts, Gd^Fts, Gd^Fts, Gd^Fts, Gd^Fts, Hhd, Hhd, Hhd, Hhd, Gd^Fts, Gd^Fts, Gd^Fts, Gd^Fts, Gd^Fts, Gd^Fts, Gd^Fts, Gd^Fts, Gd^Fts, Gd^Fts, Gd^Fts, Gd^Fts, Gd^Fts, Gd^Fts, Gd^Fts, Gd^Fts, Gd^Fts, Gd^Fts, Gd^Fts, Gd^Fts, Gd^Fts, Gd^Fts, Gd^Fts, Gd^Fts, Gd^Fts, Gd^Fts, Gd^Fts, Gd^Fts
Gd^Fts, Gd^Fts, Gd^Fts, Gd^Fts, Gd^Fts, Gd^Fts, Gd^Fts, Gd^Fts, Gd^Fts, Gd^Fts, Gd^Fts, Gd^Fts, Gd^Fts, Gd^Fts, Gd^Fts, Gd^Fts, Ch, Gd^Fts, Gd^Fts, Gd^Fts, Gd^Fts, Gd^Fts, Gd^Fts, Gd^Fts, Gd^Fts, Gd^Fts, Gd^Fts, Gd^Fts, Gd^Fts, Gd^Fts, Gd^Fts, Gd^Fts, Gd^Fts, Gd^Fts, Gd^Fts, Gd^Fts, Gd^Fts, Gd^Fts, Gd^Fts, Gd^Fts, Gd^Fts, Gd^Fts, Gd^Fts, Gd^Fts, Gd^Fts, Gd^Fts, Gd^Fts, Gd^Fts, Gd^Fts, Gd^Fts, Gd^Fts, Gd^Fts, Hhd, Hhd, Hhd, Gd^Fts, Gd^Fts, Gd^Fts, Ch, Gd^Fts, Gd^Fts, Gd^Fts, Gd^Fts, Gd^Fts, Hhd, Hhd, Hhd, Hhd, Gd^Fts, Gd^Fts, Gd^Fts, Gd^Fts, Gd^Fts, Gd^Fts, Gd^Fts, Gd^Fts, Gd^Fts, Gd^Fts, Gd^Fts, Gd^Fts, Ch, Gd^Fts, Gd^Fts, Gd^Fts, Gd^Fts, Gd^Fts, Gd^Fts, Gd^Fts, Gd^Fts, Gd^Fts, Gd^Fts, Gd^Fts, Gd^Fts, Gd^Fts, Gd^Fts, Gd^Fts
Gd^Fts, Gd^Fts, Gd^Fts, Gd^Fts, Gd^Fts, Gd^Fts, Hhd, Gd^Fts, Gd^Fts, Gd^Fts, Gd^Fts, Gd^Fts, Gd^Fts, Gd^Fts, Gd^Fts, Gd^Fts, Ch, Gd^Fts, Gd^Fts, Gd^Fts, Gd^Fts, Gd^Fts, Gd^Fts, Gd^Fts, Gd^Fts, Gd^Fts, Gd^Fts, Gd^Fts, Gd^Fts, Gd^Fts, Gd^Fts, Gd^Fts, Gd^Fts, Gd^Fts, Gd^Fts, Gd^Fts, Gd^Fts, Gd^Fts, Gd^Fts, Gd^Fts, Gd^Fts, Gd^Fts, Gd^Fts, Gd^Fts, Gd^Fts, Gd^Fts, Gd^Fts, Gd^Fts, Gd^Fts, Gd^Fts, Gd^Fts, Gd^Fts, Hhd, Hhd, Hhd, Gd^Fts, Gd^Fts, Gd^Fts, Ch, Gd^Fts, Gd^Fts, Gd^Fts, Gd^Fts, Gd^Fts, Hhd, Hhd, Hhd, Hhd, Gd^Fts, Gd^Fts, Gd^Fts, Gd^Fts, Gd^Fts, Gd^Fts, Gd^Fts, Gd^Fts, Gd^Fts, Gd^Fts, Gd^Fts, Gd^Fts, Ch, Gd^Fts, Gd^Fts, Gd^Fts, Gd^Fts, Gd^Fts, Gd^Fts, Gd^Fts, Gd^Fts, Gd^Fts, Gd^Fts, Gd^Fts, Gd^Fts, Gd^Fts, Gd^Fts, Gd^Fts
Gd^Fts, Gd^Fts, Gd^Fts, Gd^Fts, Gd^Fts, Hhd, Hhd, Hhd, Gd^Fts, Gd^Fts, Gd^Fts, Gd^Fts, Gd^Fts, Gd^Fts, Gd^Fts, Ch, Rr^Vhc, Ch, Gd^Fts, Gd^Fts, Gd^Fts, Gd^Fts, Gd^Fts, Gd^Fts, Gd^Fts, Gd^Fts, Gd^Fts, Gd^Fts, Gd^Fts, Gd^Fts, Gd^Fts, Gd^Fts, Gd^Fts, Gd^Fts, Gd^Fts, Gd^Fts, Gd^Fts, Gd^Fts, Gd^Fts, Gd^Fts, Gd^Fts, Gd^Fts, Gd^Fts, Gd^Fts, Gd^Fts, Gd^Fts, Gd^Fts, Gd^Fts, Gd^Fts, Gd^Fts, Gd^Fts, Gd^Fts, Hhd, Hhd, Hhd, Gd^Fts, Gd^Fts, Ch, Rr^Vhc, Ch, Gd^Fts, Gd^Fts, Gd^Fts, Gd^Fts, Gd^Fts, Hhd, Hhd, Hhd, Hhd, Hhd, Hhd, Gd^Fts, Hhd, Gd^Fts, Hhd, Gd^Fts, Hhd, Gd^Fts, Hhd, Ch, Rr^Vhc, Ch, Gd^Fts, Gd^Fts, Gd^Fts, Gd^Fts, Gd^Fts, Gd^Fts, Gd^Fts, Gd^Fts, Gd^Fts, Gd^Fts, Gd^Fts, Gd^Fts, Gd^Fts, Gd^Fts
Gd^Fts, Gd^Fts, Gd^Fts, Gd^Fts, Gd^Fts, Hhd, Hhd, Hhd, Gd^Fts, Gd^Fts, Gd^Fts, Gd^Fts, Gd^Fts, Gd^Fts, Ch, Ch, Ch, Ch, Ch, Gd^Fts, Gd^Fts, Gd^Fts, Gd^Fts, Gd^Fts, Gd^Fts, Gd^Fts, Gd^Fts, Gd^Fts, Gd^Fts, Gd^Fts, Gd^Fts, Gd^Fts, Gd^Fts, Gd^Fts, Gd^Fts, Gd^Fts, Gd^Fts, Gd^Fts, Gd^Fts, Gd^Fts, Gd^Fts, Gd^Fts, Gd^Fts, Gd^Fts, Gd^Fts, Gd^Fts, Gd^Fts, Gd^Fts, Gd^Fts, Gd^Fts, Gd^Fts, Gd^Fts, Hhd, Hhd^Vhhr, Hhd, Gd^Fts, Ch, Ch, Ch, Ch, Ch, Gd^Fts, Gd^Fts, Gd^Fts, Gd^Fts, Hhd, Hhd, Hhd, Hhd, Hhd, Hhd, Hhd, Hhd, Hhd, Hhd, Hhd^Vhhr, Hhd, Hhd, Ch, Ch, Ch, Ch, Ch, Hhd, Hhd, Gd^Fts, Gd^Fts, Gd, Gd^Fts, Gd^Fts, Gd^Fts, Gd^Fts, Gd^Fts, Gd^Fts, Gd^Fts, Gd^Fts
Gd^Fts, Gd^Fts, Gd^Fts, Gd^Fts, Gd^Fts, Hhd, Hhd, Hhd, Gd^Fts, Gd^Fts, Gd^Fts, Gd^Fts, Gd^Fts, Gd^Fts, Ch, Ch, Ch, Ch, Ch, Gd^Fts, Gd^Fts, Gd^Fts, Gd^Fts, Gd^Fts, Gd^Fts, Gd^Fts, Gd^Fts, Gd^Fts, Gd^Fts, Gd^Fts, Gd^Fts, Gd^Fts, Gd^Fts, Gd^Fts, Gd^Fts, Gd^Fts, Gd^Fts, Gd^Fts, Gd^Fts, Gd^Fts, Gd^Fts, Gd^Fts, Gd^Fts, Gd^Fts, Gd^Fts, Gd^Fts, Gd^Fts, Gd^Fts, Gd^Fts, Gd^Fts, Gd^Fts, Gd^Fts, Hhd, Hhd, Hhd, Gd^Fts, Ch, Ch, Ch, Ch, Ch, Gd^Fts, Gd^Fts, Gd^Fts, Gd^Fts, Gd^Fts, Gd^Fts, Hhd, Hhd, Hhd, Hhd, Hhd, Hhd, Hhd, Hhd, Hhd, Hhd, Hhd, Ch, Ch, Ch, Ch, Ch, Hhd, Hhd, Hhd, Hhd, Gd^Fts, Gd^Fts, Gd^Fts, Gd^Fts, Gd^Fts, Gd^Fts, Gd^Fts, Gd^Fts, Gd^Fts
Gd^Fts, Gd^Fts, Gd^Fts, Gd^Fts, Gd^Fts, Hhd, Hhd, Hhd, Hhd, Gd^Fts, Gd^Fts, Gd^Fts, Gd^Fts, Ch, Rr^Vhc, Ch, Ch, Ch, Rr^Vhc, Ch, Gd^Fts, Gd^Fts, Gd^Fts, Gd^Fts, Gd^Fts, Gd^Fts, Gd^Fts, Gd^Fts, Gd^Fts, Gd^Fts, Gd^Fts, Gd^Fts, Gd^Fts, Gd^Fts, Gd^Fts, Gd^Fts, Gd^Fts, Gd^Fts, Gd^Fts, Gd^Fts, Gd^Fts, Gd^Fts, Gd^Fts, Gd^Fts, Gd^Fts, Gd^Fts, Gd^Fts, Gd^Fts, Gd^Fts, Gd^Fts, Gd^Fts, Hhd, Hhd, Hhd, Hhd, Ch, Rr^Vhc, Ch, Ch, Ch, Rr^Vhc, Ch, Gd^Fts, Gd^Fts, Gd^Fts, Gd^Fts, Gd^Fts, Gd^Fts, Gd^Fts, Gd^Fts, Gd^Fts, Hhd, Gd^Fts, Hhd, Gd^Fts, Hhd, Gd^Fts, Ch, Rr^Vhc, Ch, Ch, Ch, Rr^Vhc, Ch, Hhd, Hhd, Hhd, Gd^Fts, Gd^Fts, Gd^Fts, Gd^Fts, Gd^Fts, Gd^Fts, Gd^Fts, Gd^Fts, Gd^Fts
Gd^Fts, Gd^Fts, Gd^Fts, Gd^Fts, Gd^Fts, Hhd, Hhd, Hhd, Hhd, Gd^Fts, Gd^Fts, Gd^Fts, Gd^Fts, Ch, Ch, Rr^Vhc, Kud, Rr^Vhc, Ch, Ch, Gd^Fts, Gd^Fts, Gd^Fts, Gd^Fts, Gd^Fts, Gd^Fts, Gd^Fts, Gd^Fts, Gd^Fts, Gd^Fts, Gd^Fts, Gd^Fts, Gd^Fts, Gd^Fts, Gd^Fts, Gd^Fts, Gd^Fts, Gd^Fts, Gd^Fts, Gd^Fts, Gd^Fts, Gd^Fts, Gd^Fts, Gd^Fts, Gd^Fts, Gd^Fts, Gd^Fts, Gd^Fts, Gd^Fts, Gd^Fts, Gd^Fts, Hhd, Hhd, Hhd, Gd^Fts, Ch, Ch, Rr^Vhc, Kud, Rr^Vhc, Ch, Ch, Gd^Fts, Gd^Fts, Gd^Fts, Gd^Fts, Gd^Fts, Gd^Fts, Gd^Fts, Gd^Fts, Gd^Fts, Gd^Fts, Gd^Fts, Gd^Fts, Gd^Fts, Gd^Fts, Gd^Fts, Ch, Ch, Rr^Vhc, Kud, Rr^Vhc, Ch, Ch, Hhd, Hhd, Hhd, Hhd, Gd^Fts, Gd^Fts, Gd^Fts, Gd^Fts, Gd^Fts, Gd^Fts, Gd^Fts, Gd^Fts
Gd^Fts, Gd^Fts, Gd^Fts, Gd^Fts, Gd^Fts, Gd^Fts, Hhd, Hhd, Hhd, Hhd, Gd^Fts, Gd^Fts, Gd^Fts, Gd^Fts, Gd^Fts, Ch, Ch, Ch, Gd^Fts, Gd^Fts, Gd^Fts, Gd^Fts, Gd^Fts, Gd^Fts, Gd^Fts, Gd^Fts, Gd^Fts, Gd^Fts, Gd^Fts, Gd^Fts, Gd^Fts, Gd^Fts, Gd^Fts, Gd^Fts, Gd^Fts, Gd^Fts, Gd^Fts, Gd^Fts, Gd^Fts, Gd^Fts, Gd^Fts, Gd^Fts, Gd^Fts, Gd^Fts, Gd^Fts, Gd^Fts, Gd^Fts, Gd^Fts, Gd^Fts, Gd^Fts, Hhd, Hhd, Hhd, Hhd, Gd^Fts, Gd^Fts, Gd^Fts, Ch, Ch, Ch, Gd^Fts, Gd^Fts, Gd^Fts, Gd^Fts, Gd^Fts, Gd^Fts, Gd^Fts, Gd^Fts, Gd^Fts, Gd^Fts, Gll^Ftr, Gd^Fts, Gll^Ftr, Gd^Fts, Gd^Fts, Gd^Fts, Gd^Fts, Gd^Fts, Gd^Fts, Ch, Ch, Ch, Gd^Fts, Gd^Fts, Gd^Fts, Hhd, Hhd, Hhd, Gd^Fts, Gd^Fts, Gd^Fts, Gd^Fts, Gd^Fts, Gd^Fts, Gd^Fts, Gd^Fts
Gd^Fts, Gd^Fts, Gd^Fts, Gd^Fts, Gd^Fts, Gd^Fts, Gd^Fts, Hhd, Hhd, Hhd, Hhd, Gd^Fts, Gd^Fts, Gd^Fts, Gd^Fts, Gd^Fts, Gd^Fts, Gd^Fts, Gd^Fts, Gd^Fts, Gd^Fts, Gd^Fts, Gd^Fts, Gd^Fts, Gd^Fts, Gd^Fts, Gd^Fts, Gd^Fts, Gd^Fts, Gd^Fts, Gd^Fts, Gd^Fts, Gd^Fts, Gd^Fts, Gd^Fts, Gd^Fts, Gd^Fts, Gd^Fts, Gd^Fts, Gd^Fts, Gd^Fts, Gd^Fts, Gd^Fts, Gd^Fts, Gd^Fts, Gd^Fts, Gd^Fts, Gd^Fts, Gd^Fts, Gd^Fts, Hhd, Hhd, Hhd, Hhd, Gd^Fts, Gd^Fts, Gd^Fts, Gd^Fts, Gd^Fts, Gd^Fts, Gd^Fts, Gd^Fts, Gd^Fts, Gd^Fts, Gd^Fts, Gd^Fts, Gll^Ftr, Gll^Ftr, Gll^Ftr, Gll^Ftr, Gll^Ftr, Gll^Ftr, Gll^Ftr, Gll^Ftr, Gll^Ftr, Gd^Fts, Gll^Ftr, Gd^Fts, Gd^Fts, Gd^Fts, Gd^Fts, Gd^Fts, Gd^Fts, Gd^Fts, Hhd, Hhd, Hhd, Hhd, Gd^Fts, Gd^Fts, Gd^Fts, Gd^Fts, Gd^Fts, Gd^Fts, Gd^Fts, Gd^Fts
Gd^Fts, Gd^Fts, Gd^Fts, Gd^Fts, Gd^Fts, Gd^Fts, Gd^Fts, Hhd, Hhd, Hhd, Hhd, Hhd, Hhd, Gd^Fts, Gll^Ftr, Gll^Ftr, Gll^Ftr, Gll^Ftr, Gll^Ftr, Gll^Ftr, Gll^Ftr, Gd^Fts, Gll^Ftr, Gd^Fts, Gll^Ftr, Gd^Fts, Gll^Ftr, Gd^Fts, Gll^Ftr, Gd^Fts, Gd^Fts, Gd^Fts, Gd^Fts, Gd^Fts, Gd^Fts, Gd^Fts, Gd^Fts, Gd^Fts, Gd^Fts, Gd^Fts, Gd^Fts, Gd^Fts, Gd^Fts, Gd^Fts, Gd^Fts, Gd^Fts, Gd^Fts, Gd^Fts, Gd^Fts, Gd^Fts, Hhd, Hhd, Hhd, Hhd, Gd^Fts, Gd^Fts, Gd^Fts, Gd^Fts, Gd^Fts, Gd^Fts, Gd^Fts, Gd^Fts, Gd^Fts, Gd^Fts, Gll^Ftr, Gll^Ftr, Gll^Ftr, Gll^Ftr, Gll^Ftr, Gll^Ftr, Gll^Ftr, Gll^Ftr, Gll^Ftr, Gll^Ftr, Gll^Ftr, Gll^Ftr, Gll^Ftr, Gll^Ftr, Gll^Ftr, Gd^Fts, Gd^Fts, Gd^Fts, Gd^Fts, Gd^Fts, Hhd, Hhd, Hhd, Hhd, Gd^Fts, Gd^Fts, Gd^Fts, Gd^Fts, Gd^Fts, Gd^Fts, Gd^Fts, Gd^Fts
Gll^Ftr, Gd^Fts, Gll^Ftr, Gd^Fts, Gd^Fts, Gd^Fts, Gd^Fts, Gd^Fts, Gd^Fts, Hhd, Hhd, Hhd, Hhd, Gll^Ftr, Gll^Ftr, Gll^Ftr, Gll^Ftr, Gll^Ftr, Gll^Ftr, Gll^Ftr, Gll^Ftr, Gll^Ftr, Gll^Ftr, Gll^Ftr, Gll^Ftr, Gll^Ftr, Gll^Ftr, Gll^Ftr, Gll^Ftr, Gll^Ftr, Gll^Ftr, Gd^Fts, Gll^Ftr, Gd^Fts, Gll^Ftr, Gd^Fts, Gll^Ftr, Gd^Fts, Gll^Ftr, Gd^Fts, Gll^Ftr, Gd^Fts, Gll^Ftr, Gd^Fts, Gll^Ftr, Gd^Fts, Gll^Ftr, Gd^Fts, Hhd, Hhd, Hhd, Hhd, Hhd, Gd^Fts, Gd^Fts, Gd^Fts, Gd^Fts, Gd^Fts, Gd^Fts, Gd^Fts, Gd^Fts, Gd^Fts, Gll^Ftr, Gll^Ftr, Gll^Ftr, Gll^Ftr, Gll^Ftr, Gll^Ftr, Gll^Ftr, Gll^Ftr, Gll^Ftr, Gll^Ftr, Gll^Ftr, Gll^Ftr, Gll^Ftr, Gll^Ftr, Gll^Ftr, Gll^Ftr, Gll^Ftr, Gll^Ftr, Gll^Ftr, Gll^Ftr, Gll^Ftr, Gd^Fts, Hhd, Hhd, Hhd, Gll^Ftr, Gll^Ftr, Gll^Ftr, Gll^Ftr, Gll^Ftr, Gll^Ftr, Gll^Ftr, Gll^Ftr, Gd^Fts
Gll^Ftr, Gll^Ftr, Gll^Ftr, Gll^Ftr, Gll^Ftr, Gll^Ftr, Gll^Ftr, Gll^Ftr, Gll^Ftr, Hhd, Hhd, Hhd, Hhd, Hhd, Hhd, Gll^Ftr, Gll^Ftr, Gll^Ftr, Gll^Ftr, Gll^Ftr, Gll^Ftr, Gll^Ftr, Gll^Ftr, Gll^Ftr, Gll^Ftr, Gll^Ftr, Gll^Ftr, Gll^Ftr, Gll^Ftr, Gll^Ftr, Gll^Ftr, Gll^Ftr, Gll^Ftr, Gll^Ftr, Gll^Ftr, Gll^Ftr, Gll^Ftr, Gll^Ftr, Gll^Ftr, Gll^Ftr, Gll^Ftr, Gll^Ftr, Gll^Ftr, Gll^Ftr, Gll^Ftr, Gll^Ftr, Gll^Ftr, Gll^Ftr, Hhd, Hhd, Hhd, Gll^Ftr, Gll^Ftr, Gll^Ftr, Gll^Ftr, Gll^Ftr, Gll^Ftr, Gd^Fts, Gll^Ftr, Gll^Ftr, Gll^Ftr, Gll^Ftr, Gll^Ftr, Gll^Ftr, Gll^Ftr, Gll^Ftr, Gll^Ftr, Gll^Ftr, Gll^Ftr, Gll^Ftr, Gll^Ftr, Gll^Ftr, Gll^Ftr, Gll^Ftr, Gll^Ftr, Gll^Ftr, Gll^Ftr, Gll^Ftr, Gll^Ftr, Gll^Ftr, Gll^Ftr, Gll^Ftr, Hhd, Hhd, Hhd, Hhd, Hhd, Gll^Ftr, Gll^Ftr, Gll^Ftr, Gll^Ftr, Gll^Ftr, Gll^Ftr, Gll^Ftr, Gll^Ftr, Gll^Ftr
Gll^Ftr, Gll^Ftr, Gll^Ftr, Gll^Ftr, Gll^Ftr, Gll^Ftr, Gll^Ftr, Gll^Ftr, Gll^Ftr, Gll^Ftr, Gll^Ftr, Hhd, Hhd, Hhd, Hhd, Hhd, Hhd, Gll^Ftr, Gll^Ftr, Gll^Ftr, Gll^Ftr, Gll^Ftr, Gll^Ftr, Gll^Ftr, Gll^Ftr, Gll^Ftr, Gll^Ftr, Gll^Ftr, Gll^Ftr, Gll^Ftr, Gll^Ftr, Gll^Ftr, Gll^Ftr, Gll^Ftr, Gll^Ftr, Gll^Ftr, Gll^Ftr, Gll^Ftr, Gll^Ftr, Gll^Ftr, Gll^Ftr, Gll^Ftr, Gll^Ftr, Gll^Ftr, Hhd, Gll^Ftr, Hhd, Hhd, Hhd, Hhd, Hhd, Gll^Ftr, Gll^Ftr, Gll^Ftr, Gll^Ftr, Gll^Ftr, Gll^Ftr, Gll^Ftr, Gll^Ftr, Gll^Ftr, Gll^Ftr, Gll^Ftr, Gll^Ftr, Gll^Ftr, Gll^Ftr, Gll^Ftr, Gll^Ftr, Gll^Ftr, Gll^Ftr, Gll^Ftr, Gll^Ftr, Gll^Ftr, Gll^Ftr, Gll^Ftr, Gll^Ftr, Gll^Ftr, Gll^Ftr, Gll^Ftr, Hhd, Gll^Ftr, Hhd, Hhd, Hhd, Hhd, Hhd, Hhd, Gll^Ftr, Gll^Ftr, Gll^Ftr, Gll^Ftr, Gll^Ftr, Gll^Ftr, Gll^Ftr, Gll^Ftr, Gll^Ftr, Gll^Ftr
Gll^Ftr, Gll^Ftr, Gll^Ftr, Gll^Ftr, Gll^Ftr, Gll^Ftr, Gll^Ftr, Gll^Ftr, Gll^Ftr, Gll^Ftr, Gll^Ftr, Gll^Ftr, Gll^Ftr, Hhd, Hhd, Hhd, Hhd, Hhd, Hhd, Hhd, Hhd, Hhd, Hhd, Gll^Ftr, Gll^Ftr, Gll^Ftr, Gll^Ftr, Gll^Ftr, Gll^Ftr, Gll^Ftr, Gll^Ftr, Gll^Ftr, Gll^Ftr, Gll^Ftr, Gll^Ftr, Gll^Ftr, Gll^Ftr, Gll^Ftr, Gll^Ftr, Gll^Ftr, Hhd, Hhd, Hhd, Hhd, Hhd, Hhd, Hhd, Hhd, Hhd, Hhd, Gll^Ftr, Gll^Ftr, Gll^Ftr, Gll^Ftr, Gll^Ftr, Gll^Ftr, Gll^Ftr, Gll^Ftr, Gll^Ftr, Gll^Ftr, Gll^Ftr, Gll^Ftr, Hhd, Hhd, Hhd, Hhd, Hhd, Hhd, Hhd, Hhd, Hhd, Hhd, Hhd, Hhd, Hhd, Hhd, Hhd, Hhd, Hhd, Hhd, Hhd, Hhd, Hhd, Hhd, Hhd, Hhd, Gll^Ftr, Gll^Ftr, Gll^Ftr, Gll^Ftr, Gll^Ftr, Gll^Ftr, Gll^Ftr, Gll^Ftr, Gll^Ftr, Gll^Ftr
Gll^Ftr, Gll^Ftr, Gll^Ftr, Gll^Ftr, Gll^Ftr, Gll^Ftr, Gll^Ftr, Gll^Ftr, Gll^Ftr, Gll^Ftr, Gll^Ftr, Gll^Ftr, Gll^Ftr, Gll^Ftr, Hhd, Hhd, Hhd, Hhd, Hhd, Hhd, Hhd, Hhd, Hhd, Hhd, Gll^Ftr, Gll^Ftr, Gll^Ftr, Gll^Ftr, Gll^Ftr, Gll^Ftr, Gll^Ftr, Gll^Ftr, Gll^Ftr, Gll^Ftr, Gll^Ftr, Gll^Ftr, Gll^Ftr, Gll^Ftr, Gll^Ftr, Hhd, Hhd, Hhd, Hhd, Hhd, Hhd, Hhd, Hhd, Hhd, Gll^Ftr, Gll^Ftr, Gll^Ftr, Gll^Ftr, Gll^Ftr, Gll^Ftr, Gll^Ftr, Gll^Ftr, Gll^Ftr, Gll^Ftr, Gll^Ftr, Gll^Ftr, Gll^Ftr, Hhd, Hhd, Hhd, Hhd, Hhd, Hhd, Hhd, Hhd, Hhd, Hhd, Hhd, Hhd, Hhd, Hhd, Hhd, Hhd, Hhd, Hhd, Hhd, Hhd, Hhd, Hhd, Hhd, Gll^Ftr, Gll^Ftr, Gll^Ftr, Gll^Ftr, Gll^Ftr, Gll^Ftr, Gll^Ftr, Gll^Ftr, Gll^Ftr, Gll^Ftr, Gll^Ftr, Gll^Ftr
